
> expense-tracker@0.0.0 test
> vitest --run


 RUN  v4.0.18 /home/usuario/Downloads/projetos-dev/expense-tracker

 ✓ src/components/PasswordInput.test.tsx (7 tests) 9495ms
     ✓ deve renderizar o input como password por padrão  8346ms
     ✓ deve alternar a visibilidade da senha ao clicar no botão  856ms
 ✓ src/components/CategoryPieChart.test.tsx (10 tests) 10608ms
     ✓ deve exibir mensagem de vazio quando não há despesas  5437ms
     ✓ deve renderizar o gráfico quando há despesas  5103ms
 ✓ src/components/MonthlyChart.test.tsx (8 tests) 10770ms
     ✓ deve renderizar o título do gráfico  10708ms
 ✓ src/components/TransactionFilters.test.tsx (9 tests) 639ms
 ✓ src/context/ThemeContext.test.tsx (7 tests) 494ms
stderr | src/pages/Categories.test.tsx > Categories > deve renderizar o título "Minhas Categorias"
Error fetching totals: TypeError: __vite_ssr_import_2__.supabase.from(...).select is not a function
    at /home/usuario/Downloads/projetos-dev/expense-tracker/src/pages/Categories.tsx:60:10
    at /home/usuario/Downloads/projetos-dev/expense-tracker/src/pages/Categories.tsx:87:5
    at Object.react_stack_bottom_frame (/home/usuario/Downloads/projetos-dev/expense-tracker/node_modules/react-dom/cjs/react-dom-client.development.js:25989:20)
    at runWithFiberInDEV (/home/usuario/Downloads/projetos-dev/expense-tracker/node_modules/react-dom/cjs/react-dom-client.development.js:874:13)
    at commitHookEffectListMount (/home/usuario/Downloads/projetos-dev/expense-tracker/node_modules/react-dom/cjs/react-dom-client.development.js:13249:29)
    at commitHookPassiveMountEffects (/home/usuario/Downloads/projetos-dev/expense-tracker/node_modules/react-dom/cjs/react-dom-client.development.js:13336:11)
    at commitPassiveMountOnFiber (/home/usuario/Downloads/projetos-dev/expense-tracker/node_modules/react-dom/cjs/react-dom-client.development.js:15484:13)
    at recursivelyTraversePassiveMountEffects (/home/usuario/Downloads/projetos-dev/expense-tracker/node_modules/react-dom/cjs/react-dom-client.development.js:15439:11)
    at commitPassiveMountOnFiber (/home/usuario/Downloads/projetos-dev/expense-tracker/node_modules/react-dom/cjs/react-dom-client.development.js:15519:11)
    at flushPassiveEffects (/home/usuario/Downloads/projetos-dev/expense-tracker/node_modules/react-dom/cjs/react-dom-client.development.js:18432:9)

stderr | src/pages/Categories.test.tsx > Categories > deve exibir a tela de vazio quando não há categorias
Error fetching totals: TypeError: __vite_ssr_import_2__.supabase.from(...).select is not a function
    at /home/usuario/Downloads/projetos-dev/expense-tracker/src/pages/Categories.tsx:60:10
    at /home/usuario/Downloads/projetos-dev/expense-tracker/src/pages/Categories.tsx:87:5
    at Object.react_stack_bottom_frame (/home/usuario/Downloads/projetos-dev/expense-tracker/node_modules/react-dom/cjs/react-dom-client.development.js:25989:20)
    at runWithFiberInDEV (/home/usuario/Downloads/projetos-dev/expense-tracker/node_modules/react-dom/cjs/react-dom-client.development.js:874:13)
    at commitHookEffectListMount (/home/usuario/Downloads/projetos-dev/expense-tracker/node_modules/react-dom/cjs/react-dom-client.development.js:13249:29)
    at commitHookPassiveMountEffects (/home/usuario/Downloads/projetos-dev/expense-tracker/node_modules/react-dom/cjs/react-dom-client.development.js:13336:11)
    at commitPassiveMountOnFiber (/home/usuario/Downloads/projetos-dev/expense-tracker/node_modules/react-dom/cjs/react-dom-client.development.js:15484:13)
    at recursivelyTraversePassiveMountEffects (/home/usuario/Downloads/projetos-dev/expense-tracker/node_modules/react-dom/cjs/react-dom-client.development.js:15439:11)
    at commitPassiveMountOnFiber (/home/usuario/Downloads/projetos-dev/expense-tracker/node_modules/react-dom/cjs/react-dom-client.development.js:15519:11)
    at flushPassiveEffects (/home/usuario/Downloads/projetos-dev/expense-tracker/node_modules/react-dom/cjs/react-dom-client.development.js:18432:9)

stderr | src/pages/Categories.test.tsx > Categories > deve abrir o formulário ao clicar em "Criar Primeira Categoria"
Error fetching totals: TypeError: __vite_ssr_import_2__.supabase.from(...).select is not a function
    at /home/usuario/Downloads/projetos-dev/expense-tracker/src/pages/Categories.tsx:60:10
    at /home/usuario/Downloads/projetos-dev/expense-tracker/src/pages/Categories.tsx:87:5
    at Object.react_stack_bottom_frame (/home/usuario/Downloads/projetos-dev/expense-tracker/node_modules/react-dom/cjs/react-dom-client.development.js:25989:20)
    at runWithFiberInDEV (/home/usuario/Downloads/projetos-dev/expense-tracker/node_modules/react-dom/cjs/react-dom-client.development.js:874:13)
    at commitHookEffectListMount (/home/usuario/Downloads/projetos-dev/expense-tracker/node_modules/react-dom/cjs/react-dom-client.development.js:13249:29)
    at commitHookPassiveMountEffects (/home/usuario/Downloads/projetos-dev/expense-tracker/node_modules/react-dom/cjs/react-dom-client.development.js:13336:11)
    at commitPassiveMountOnFiber (/home/usuario/Downloads/projetos-dev/expense-tracker/node_modules/react-dom/cjs/react-dom-client.development.js:15484:13)
    at recursivelyTraversePassiveMountEffects (/home/usuario/Downloads/projetos-dev/expense-tracker/node_modules/react-dom/cjs/react-dom-client.development.js:15439:11)
    at commitPassiveMountOnFiber (/home/usuario/Downloads/projetos-dev/expense-tracker/node_modules/react-dom/cjs/react-dom-client.development.js:15519:11)
    at flushPassiveEffects (/home/usuario/Downloads/projetos-dev/expense-tracker/node_modules/react-dom/cjs/react-dom-client.development.js:18432:9)

stderr | src/pages/Categories.test.tsx > Categories > deve abrir o formulário ao clicar em "Nova Categoria"
Error fetching totals: TypeError: __vite_ssr_import_2__.supabase.from(...).select is not a function
    at /home/usuario/Downloads/projetos-dev/expense-tracker/src/pages/Categories.tsx:60:10
    at /home/usuario/Downloads/projetos-dev/expense-tracker/src/pages/Categories.tsx:87:5
    at Object.react_stack_bottom_frame (/home/usuario/Downloads/projetos-dev/expense-tracker/node_modules/react-dom/cjs/react-dom-client.development.js:25989:20)
    at runWithFiberInDEV (/home/usuario/Downloads/projetos-dev/expense-tracker/node_modules/react-dom/cjs/react-dom-client.development.js:874:13)
    at commitHookEffectListMount (/home/usuario/Downloads/projetos-dev/expense-tracker/node_modules/react-dom/cjs/react-dom-client.development.js:13249:29)
    at commitHookPassiveMountEffects (/home/usuario/Downloads/projetos-dev/expense-tracker/node_modules/react-dom/cjs/react-dom-client.development.js:13336:11)
    at commitPassiveMountOnFiber (/home/usuario/Downloads/projetos-dev/expense-tracker/node_modules/react-dom/cjs/react-dom-client.development.js:15484:13)
    at recursivelyTraversePassiveMountEffects (/home/usuario/Downloads/projetos-dev/expense-tracker/node_modules/react-dom/cjs/react-dom-client.development.js:15439:11)
    at commitPassiveMountOnFiber (/home/usuario/Downloads/projetos-dev/expense-tracker/node_modules/react-dom/cjs/react-dom-client.development.js:15519:11)
    at flushPassiveEffects (/home/usuario/Downloads/projetos-dev/expense-tracker/node_modules/react-dom/cjs/react-dom-client.development.js:18432:9)

 ❯ src/pages/Profile.test.tsx (3 tests | 2 failed) 194ms
     ✓ deve renderizar o perfil corretamente 82ms
     × deve chamar rpc de delete_user ao confirmar exclusão da conta 65ms
     × deve lidar com erro ao excluir conta 45ms
stderr | src/pages/Categories.test.tsx > Categories > deve chamar fetchCategories ao montar
Error fetching totals: TypeError: __vite_ssr_import_2__.supabase.from(...).select is not a function
    at /home/usuario/Downloads/projetos-dev/expense-tracker/src/pages/Categories.tsx:60:10
    at /home/usuario/Downloads/projetos-dev/expense-tracker/src/pages/Categories.tsx:87:5
    at Object.react_stack_bottom_frame (/home/usuario/Downloads/projetos-dev/expense-tracker/node_modules/react-dom/cjs/react-dom-client.development.js:25989:20)
    at runWithFiberInDEV (/home/usuario/Downloads/projetos-dev/expense-tracker/node_modules/react-dom/cjs/react-dom-client.development.js:874:13)
    at commitHookEffectListMount (/home/usuario/Downloads/projetos-dev/expense-tracker/node_modules/react-dom/cjs/react-dom-client.development.js:13249:29)
    at commitHookPassiveMountEffects (/home/usuario/Downloads/projetos-dev/expense-tracker/node_modules/react-dom/cjs/react-dom-client.development.js:13336:11)
    at commitPassiveMountOnFiber (/home/usuario/Downloads/projetos-dev/expense-tracker/node_modules/react-dom/cjs/react-dom-client.development.js:15484:13)
    at recursivelyTraversePassiveMountEffects (/home/usuario/Downloads/projetos-dev/expense-tracker/node_modules/react-dom/cjs/react-dom-client.development.js:15439:11)
    at commitPassiveMountOnFiber (/home/usuario/Downloads/projetos-dev/expense-tracker/node_modules/react-dom/cjs/react-dom-client.development.js:15519:11)
    at flushPassiveEffects (/home/usuario/Downloads/projetos-dev/expense-tracker/node_modules/react-dom/cjs/react-dom-client.development.js:18432:9)

stderr | src/pages/Categories.test.tsx > Categories > deve exibir skeletons durante o carregamento
Error fetching totals: TypeError: __vite_ssr_import_2__.supabase.from(...).select is not a function
    at /home/usuario/Downloads/projetos-dev/expense-tracker/src/pages/Categories.tsx:60:10
    at /home/usuario/Downloads/projetos-dev/expense-tracker/src/pages/Categories.tsx:87:5
    at Object.react_stack_bottom_frame (/home/usuario/Downloads/projetos-dev/expense-tracker/node_modules/react-dom/cjs/react-dom-client.development.js:25989:20)
    at runWithFiberInDEV (/home/usuario/Downloads/projetos-dev/expense-tracker/node_modules/react-dom/cjs/react-dom-client.development.js:874:13)
    at commitHookEffectListMount (/home/usuario/Downloads/projetos-dev/expense-tracker/node_modules/react-dom/cjs/react-dom-client.development.js:13249:29)
    at commitHookPassiveMountEffects (/home/usuario/Downloads/projetos-dev/expense-tracker/node_modules/react-dom/cjs/react-dom-client.development.js:13336:11)
    at commitPassiveMountOnFiber (/home/usuario/Downloads/projetos-dev/expense-tracker/node_modules/react-dom/cjs/react-dom-client.development.js:15484:13)
    at recursivelyTraversePassiveMountEffects (/home/usuario/Downloads/projetos-dev/expense-tracker/node_modules/react-dom/cjs/react-dom-client.development.js:15439:11)
    at commitPassiveMountOnFiber (/home/usuario/Downloads/projetos-dev/expense-tracker/node_modules/react-dom/cjs/react-dom-client.development.js:15519:11)
    at flushPassiveEffects (/home/usuario/Downloads/projetos-dev/expense-tracker/node_modules/react-dom/cjs/react-dom-client.development.js:18432:9)

 ✓ src/components/SummaryCards.test.tsx (10 tests) 366ms
stderr | src/pages/Categories.test.tsx > Categories > deve exibir a lista de categorias quando há dados
Error fetching totals: TypeError: __vite_ssr_import_2__.supabase.from(...).select is not a function
    at /home/usuario/Downloads/projetos-dev/expense-tracker/src/pages/Categories.tsx:60:10
    at /home/usuario/Downloads/projetos-dev/expense-tracker/src/pages/Categories.tsx:87:5
    at Object.react_stack_bottom_frame (/home/usuario/Downloads/projetos-dev/expense-tracker/node_modules/react-dom/cjs/react-dom-client.development.js:25989:20)
    at runWithFiberInDEV (/home/usuario/Downloads/projetos-dev/expense-tracker/node_modules/react-dom/cjs/react-dom-client.development.js:874:13)
    at commitHookEffectListMount (/home/usuario/Downloads/projetos-dev/expense-tracker/node_modules/react-dom/cjs/react-dom-client.development.js:13249:29)
    at commitHookPassiveMountEffects (/home/usuario/Downloads/projetos-dev/expense-tracker/node_modules/react-dom/cjs/react-dom-client.development.js:13336:11)
    at commitPassiveMountOnFiber (/home/usuario/Downloads/projetos-dev/expense-tracker/node_modules/react-dom/cjs/react-dom-client.development.js:15484:13)
    at recursivelyTraversePassiveMountEffects (/home/usuario/Downloads/projetos-dev/expense-tracker/node_modules/react-dom/cjs/react-dom-client.development.js:15439:11)
    at commitPassiveMountOnFiber (/home/usuario/Downloads/projetos-dev/expense-tracker/node_modules/react-dom/cjs/react-dom-client.development.js:15519:11)
    at flushPassiveEffects (/home/usuario/Downloads/projetos-dev/expense-tracker/node_modules/react-dom/cjs/react-dom-client.development.js:18432:9)

 ❯ src/pages/Categories.test.tsx (7 tests | 4 failed) 302ms
     × deve renderizar o título "Minhas Categorias" 76ms
     × deve exibir a tela de vazio quando não há categorias 21ms
     × deve abrir o formulário ao clicar em "Criar Primeira Categoria" 12ms
     × deve abrir o formulário ao clicar em "Nova Categoria" 16ms
     ✓ deve chamar fetchCategories ao montar 39ms
     ✓ deve exibir skeletons durante o carregamento 33ms
     ✓ deve exibir a lista de categorias quando há dados 103ms
 ✓ src/components/TransactionItem.test.tsx (4 tests) 478ms
     ✓ deve renderizar a descrição e o valor corretamente  410ms
 ✓ src/components/TransactionForm.test.tsx (17 tests) 1266ms
     ✓ deve permitir selecionar as frequências disponíveis  324ms
 ❯ src/components/CategoryForm.test.tsx (10 tests | 1 failed) 1868ms
     ✓ não deve renderizar quando isOpen é false 42ms
     ✓ deve renderizar "Nova Categoria" quando não há categoria para editar 136ms
     ✓ deve renderizar "Editar Categoria" quando uma categoria é passada 25ms
     ✓ deve preencher campos ao editar uma categoria existente 31ms
     ✓ deve chamar onClose ao clicar em Cancelar 27ms
     ✓ deve criar uma nova categoria com supabase 80ms
     ✓ deve atualizar uma categoria existente com supabase 75ms
     ✓ deve exibir erro ao falhar na criação 35ms
     ✓ deve selecionar cor preset ao clicar  375ms
     × deve validar nome obrigatório ao submeter vazio 1036ms
 ✓ src/components/ImportWizard/ImportPreview.test.tsx (2 tests) 552ms
     ✓ deve permitir alterar a categoria de uma transação na tabela  389ms
stderr | src/hooks/useTransactions.test.ts > useTransactions > lida com falhas no meio do paralelismo
Erro ao carregar dados: Error: Network error
    at Object.<anonymous> (/home/usuario/Downloads/projetos-dev/expense-tracker/src/hooks/useTransactions.test.ts:92:37)
    at Object.Mock (file:///home/usuario/Downloads/projetos-dev/expense-tracker/node_modules/@vitest/spy/dist/index.js:285:34)

stderr | src/hooks/useCategories.test.ts > useCategories > lida com erro na chamada do supabase utilizando toast
Error: API Error
    at Object.<anonymous> (/home/usuario/Downloads/projetos-dev/expense-tracker/src/hooks/useCategories.test.ts:56:37)
    at Object.Mock (file:///home/usuario/Downloads/projetos-dev/expense-tracker/node_modules/@vitest/spy/dist/index.js:285:34)

 ✓ src/hooks/useTransactions.test.ts (3 tests) 98ms
 ✓ src/hooks/useCategories.test.ts (3 tests) 95ms
 ✓ src/context/AuthContext.test.tsx (3 tests) 234ms
 ✓ src/components/TransactionList.test.tsx (6 tests) 111ms
 ✓ src/components/ImportWizard/ColumnMapper.test.tsx (2 tests) 177ms
stderr | src/components/ImportWizard/ImportWizard.test.tsx > ImportWizard > deve renderizar sem quebrar
An update to ImportWizard inside a test was not wrapped in act(...).

When testing, code that causes React state updates should be wrapped into act(...):

act(() => {
  /* fire events that update state */
});
/* assert on the output */

This ensures that you're testing the behavior the user would see in the browser. Learn more at https://react.dev/link/wrap-tests-with-act

 ✓ src/components/ImportWizard/FileUpload.test.tsx (3 tests) 96ms
stderr | src/components/ImportWizard/ImportWizard.test.tsx > ImportWizard > deve fechar ao clicar no botao fechar
An update to ImportWizard inside a test was not wrapped in act(...).

When testing, code that causes React state updates should be wrapped into act(...):

act(() => {
  /* fire events that update state */
});
/* assert on the output */

This ensures that you're testing the behavior the user would see in the browser. Learn more at https://react.dev/link/wrap-tests-with-act

stderr | src/components/ImportWizard/ImportWizard.test.tsx > ImportWizard > deve lidar com erro na importação
Erro na importação: Error: Insert error
    at /home/usuario/Downloads/projetos-dev/expense-tracker/src/components/ImportWizard/ImportWizard.test.tsx:107:73
    at file:///home/usuario/Downloads/projetos-dev/expense-tracker/node_modules/@vitest/runner/dist/index.js:145:11
    at file:///home/usuario/Downloads/projetos-dev/expense-tracker/node_modules/@vitest/runner/dist/index.js:915:26
    at file:///home/usuario/Downloads/projetos-dev/expense-tracker/node_modules/@vitest/runner/dist/index.js:1243:20
    at new Promise (<anonymous>)
    at runWithTimeout (file:///home/usuario/Downloads/projetos-dev/expense-tracker/node_modules/@vitest/runner/dist/index.js:1209:10)
    at file:///home/usuario/Downloads/projetos-dev/expense-tracker/node_modules/@vitest/runner/dist/index.js:1653:37
    at Traces.$ (file:///home/usuario/Downloads/projetos-dev/expense-tracker/node_modules/vitest/dist/chunks/traces.CCmnQaNT.js:142:27)
    at trace (file:///home/usuario/Downloads/projetos-dev/expense-tracker/node_modules/vitest/dist/chunks/test.B8ej_ZHS.js:239:21)
    at runTest (file:///home/usuario/Downloads/projetos-dev/expense-tracker/node_modules/@vitest/runner/dist/index.js:1653:12)

 ✓ src/components/ImportWizard/ImportWizard.test.tsx (4 tests) 902ms
     ✓ deve simular o fluxo completo de importação  308ms
stderr | src/utils/csvParser.test.ts > csvParser > transformCSVData > deve lidar com falha no parse da data fazendo fallback para hoje
Failed to parse date: data-invalida with format dd/MM/yyyy Error: Invalid date
    at /home/usuario/Downloads/projetos-dev/expense-tracker/src/utils/csvParser.ts:72:15
    at Array.map (<anonymous>)
    at Module.transformCSVData (/home/usuario/Downloads/projetos-dev/expense-tracker/src/utils/csvParser.ts:37:15)
    at /home/usuario/Downloads/projetos-dev/expense-tracker/src/utils/csvParser.test.ts:74:22
    at file:///home/usuario/Downloads/projetos-dev/expense-tracker/node_modules/@vitest/runner/dist/index.js:145:11
    at file:///home/usuario/Downloads/projetos-dev/expense-tracker/node_modules/@vitest/runner/dist/index.js:915:26
    at file:///home/usuario/Downloads/projetos-dev/expense-tracker/node_modules/@vitest/runner/dist/index.js:1243:20
    at new Promise (<anonymous>)
    at runWithTimeout (file:///home/usuario/Downloads/projetos-dev/expense-tracker/node_modules/@vitest/runner/dist/index.js:1209:10)
    at file:///home/usuario/Downloads/projetos-dev/expense-tracker/node_modules/@vitest/runner/dist/index.js:1653:37

 ✓ src/utils/csvParser.test.ts (8 tests) 18ms
 ❯ src/pages/Dashboard.test.tsx (5 tests | 5 failed) 460ms
     × deve abrir o menu flutuante (FAB) ao clicar 246ms
     × deve lidar com callbacks dos filtros 24ms
     × deve lidar com callbacks da lista 28ms
     × deve lidar com o FAB de nova transação e modal 76ms
     × deve lidar com o FAB de importar csv e modal 84ms
 ✓ src/App.test.tsx (1 test) 472ms
     ✓ renders without crashing (Smoke Test)  470ms

⎯⎯⎯⎯⎯⎯ Failed Tests 12 ⎯⎯⎯⎯⎯⎯⎯

 FAIL  src/components/CategoryForm.test.tsx > CategoryForm > deve validar nome obrigatório ao submeter vazio
TestingLibraryElementError: Unable to find an element with the text: Nome é obrigatório. This could be because the text is broken up by multiple elements. In this case, you can provide a function for your text matcher to make your matcher more flexible.

Ignored nodes: comments, script, style
[36m<body>[39m
  [36m<div>[39m
    [36m<div[39m
      [33mclass[39m=[32m"fixed inset-0 z-60 flex items-center justify-center bg-black/50 backdrop-blur-sm p-4 animate-in fade-in duration-200"[39m
    [36m>[39m
      [36m<div[39m
        [33mclass[39m=[32m"bg-white dark:bg-gray-900 rounded-3xl shadow-2xl border border-transparent dark:border-gray-800 w-full max-w-md overflow-hidden animate-in zoom-in-95 duration-200"[39m
      [36m>[39m
        [36m<div[39m
          [33mclass[39m=[32m"p-6 border-b border-gray-100 dark:border-gray-800 flex items-center justify-between"[39m
        [36m>[39m
          [36m<h2[39m
            [33mclass[39m=[32m"text-xl font-bold text-gray-900 dark:text-gray-100"[39m
          [36m>[39m
            [0mNova Categoria[0m
          [36m</h2>[39m
          [36m<button[39m
            [33mclass[39m=[32m"p-2 hover:bg-gray-100 dark:hover:bg-gray-800 rounded-full transition-colors"[39m
          [36m>[39m
            [36m<svg[39m
              [33maria-hidden[39m=[32m"true"[39m
              [33mclass[39m=[32m"lucide lucide-x w-5 h-5 text-gray-400 dark:text-gray-500"[39m
              [33mfill[39m=[32m"none"[39m
              [33mheight[39m=[32m"24"[39m
              [33mstroke[39m=[32m"currentColor"[39m
              [33mstroke-linecap[39m=[32m"round"[39m
              [33mstroke-linejoin[39m=[32m"round"[39m
              [33mstroke-width[39m=[32m"2"[39m
              [33mviewBox[39m=[32m"0 0 24 24"[39m
              [33mwidth[39m=[32m"24"[39m
              [33mxmlns[39m=[32m"http://www.w3.org/2000/svg"[39m
            [36m>[39m
              [36m<path[39m
                [33md[39m=[32m"M18 6 6 18"[39m
              [36m/>[39m
              [36m<path[39m
                [33md[39m=[32m"m6 6 12 12"[39m
              [36m/>[39m
            [36m</svg>[39m
          [36m</button>[39m
        [36m</div>[39m
        [36m<form[39m
          [33mclass[39m=[32m"p-6 space-y-6"[39m
        [36m>[39m
          [36m<div[39m
            [33mclass[39m=[32m"flex gap-4"[39m
          [36m>[39m
            [36m<div[39m
              [33mclass[39m=[32m"shrink-0"[39m
            [36m>[39m
              [36m<label[39m
                [33mclass[39m=[32m"text-sm font-bold text-gray-700 dark:text-gray-300 mb-2 block text-center"[39m
              [36m>[39m
                [0mÍcone[0m
              [36m</label>[39m
              [36m<div[39m
                [33mclass[39m=[32m"w-12 h-12 rounded-2xl flex items-center justify-center text-2xl bg-gray-50 dark:bg-gray-800/50 border border-gray-100 dark:border-gray-700"[39m
                [33mstyle[39m=[32m"color: rgb(59, 130, 246); background-color: rgba(59, 130, 246, 0.082);"[39m
              [36m>[39m
                [0m💰[0m
              [36m</div>[39m
            [36m</div>[39m
            [36m<div[39m
              [33mclass[39m=[32m"flex-1"[39m
            [36m>[39m
              [36m<label[39m
                [33mclass[39m=[32m"text-sm font-bold text-gray-700 dark:text-gray-300 mb-2 flex items-center gap-2"[39m
              [36m>[39m
                [36m<svg[39m
                  [33maria-hidden[39m=[32m"true"[39m
                  [33mclass[39m=[32m"lucide lucide-tag w-4 h-4 text-gray-400 dark:text-gray-500"[39m
                  [33mfill[39m=[32m"none"[39m
                  [33mheight[39m=[32m"24"[39m
                  [33mstroke[39m=[32m"currentColor"[39m
                  [33mstroke-linecap[39m=[32m"round"[39m
                  [33mstroke-linejoin[39m=[32m"round"[39m
                  [33mstroke-width[39m=[32m"2"[39m
                  [33mviewBox[39m=[32m"0 0 24 24"[39m
                  [33mwidth[39m=[32m"24"[39m
                  [33mxmlns[39m=[32m"http://www.w3.org/2000/svg"[39m
                [36m>[39m
                  [36m<path[39m
                    [33md[39m=[32m"M12.586 2.586A2 2 0 0 0 11.172 2H4a2 2 0 0 0-2 2v7.172a2 2 0 0 0 .586 1.414l8.704 8.704a2.426 2.426 0 0 0 3.42 0l6.58-6.58a2.426 2.426 0 0 0 0-3.42z"[39m
                  [36m/>[39m
                  [36m<circle[39m
                    [33mcx[39m=[32m"7.5"[39m
                    [33mcy[39m=[32m"7.5"[39m
                    [33mfill[39m=[32m"currentColor"[39m
                    [33mr[39m=[32m".5"[39m
                  [36m/>[39m
                [36m</svg>[39m
                [0mNome da Categoria[0m
              [36m</label>[39m
              [36m<input[39m
                [33mclass[39m=[32m"w-full px-4 py-3 bg-gray-50 dark:bg-gray-800/50 border text-gray-900 dark:text-gray-100 rounded-2xl focus:ring-4 outline-none transition-all placeholder:text-gray-300 dark:placeholder:text-gray-600 border-red-300 focus:ring-red-500/10 focus:border-red-500 dark:border-red-500/50 dark:focus:ring-red-500/20"[39m
                [33mname[39m=[32m"name"[39m
                [33mplaceholder[39m=[32m"Ex: Alimentação..."[39m
                [33mtype[39m=[32m"text"[39m
              [36m/>[39m
            [36m</div>[39m
          [36m</div>[39m
          [36m<div[39m
            [33mclass[39m=[32m"space-y-2"[39m
          [36m>[39m
            [36m<label[39m
              [33mclass[39m=[32m"text-sm font-bold text-gray-700 dark:text-gray-300 mb-2 flex items-center gap-2"[39m
            [36m>[39m
              [36m<span[39m
                [33mclass[39m=[32m"w-4 h-4 flex items-center justify-center text-gray-400 dark:text-gray-500 font-mono text-[10px]"[39m
              [36m>[39m
                [0mR$[0m
              [36m</span>[39m
              [0mLimite Mensal (Budget)[0m
            [36m</label>[39m
            [36m<input[39m
              [33mclass[39m=[32m"w-full px-4 py-3 bg-gray-50 dark:bg-gray-800/50 border border-gray-100 dark:border-gray-700 text-gray-900 dark:text-gray-100 rounded-2xl focus:ring-4 focus:ring-blue-500/10 focus:border-blue-500 outline-none transition-all placeholder:text-gray-300 dark:placeholder:text-gray-600"[39m
              [33mname[39m=[32m"monthly_limit"[39m
              [33mplaceholder[39m=[32m"Ex: 500,00"[39m
              [33mstep[39m=[32m"0.01"[39m
              [33mtype[39m=[32m"number"[39m
            [36m/>[39m
            [36m<p[39m
              [33mclass[39m=[32m"text-[10px] text-gray-400 dark:text-gray-500 ml-1"[39m
            [36m>[39m
              [0mDeixe como 0 para não definir limite.[0m
            [36m</p>[39m
          [36m</div>[39m
          [36m<div>[39m
            [36m<div[39m
              [33mclass[39m=[32m"flex justify-between items-center mb-4"[39m
            [36m>[39m
              [36m<label[39m
                [33mclass[39m=[32m"text-sm font-bold text-gray-700 dark:text-gray-300 block"[39m
              [36m>[39m
        ...

Ignored nodes: comments, script, style
[36m<body>[39m
  [36m<div>[39m
    [36m<div[39m
      [33mclass[39m=[32m"fixed inset-0 z-60 flex items-center justify-center bg-black/50 backdrop-blur-sm p-4 animate-in fade-in duration-200"[39m
    [36m>[39m
      [36m<div[39m
        [33mclass[39m=[32m"bg-white dark:bg-gray-900 rounded-3xl shadow-2xl border border-transparent dark:border-gray-800 w-full max-w-md overflow-hidden animate-in zoom-in-95 duration-200"[39m
      [36m>[39m
        [36m<div[39m
          [33mclass[39m=[32m"p-6 border-b border-gray-100 dark:border-gray-800 flex items-center justify-between"[39m
        [36m>[39m
          [36m<h2[39m
            [33mclass[39m=[32m"text-xl font-bold text-gray-900 dark:text-gray-100"[39m
          [36m>[39m
            [0mNova Categoria[0m
          [36m</h2>[39m
          [36m<button[39m
            [33mclass[39m=[32m"p-2 hover:bg-gray-100 dark:hover:bg-gray-800 rounded-full transition-colors"[39m
          [36m>[39m
            [36m<svg[39m
              [33maria-hidden[39m=[32m"true"[39m
              [33mclass[39m=[32m"lucide lucide-x w-5 h-5 text-gray-400 dark:text-gray-500"[39m
              [33mfill[39m=[32m"none"[39m
              [33mheight[39m=[32m"24"[39m
              [33mstroke[39m=[32m"currentColor"[39m
              [33mstroke-linecap[39m=[32m"round"[39m
              [33mstroke-linejoin[39m=[32m"round"[39m
              [33mstroke-width[39m=[32m"2"[39m
              [33mviewBox[39m=[32m"0 0 24 24"[39m
              [33mwidth[39m=[32m"24"[39m
              [33mxmlns[39m=[32m"http://www.w3.org/2000/svg"[39m
            [36m>[39m
              [36m<path[39m
                [33md[39m=[32m"M18 6 6 18"[39m
              [36m/>[39m
              [36m<path[39m
                [33md[39m=[32m"m6 6 12 12"[39m
              [36m/>[39m
            [36m</svg>[39m
          [36m</button>[39m
        [36m</div>[39m
        [36m<form[39m
          [33mclass[39m=[32m"p-6 space-y-6"[39m
        [36m>[39m
          [36m<div[39m
            [33mclass[39m=[32m"flex gap-4"[39m
          [36m>[39m
            [36m<div[39m
              [33mclass[39m=[32m"shrink-0"[39m
            [36m>[39m
              [36m<label[39m
                [33mclass[39m=[32m"text-sm font-bold text-gray-700 dark:text-gray-300 mb-2 block text-center"[39m
              [36m>[39m
                [0mÍcone[0m
              [36m</label>[39m
              [36m<div[39m
                [33mclass[39m=[32m"w-12 h-12 rounded-2xl flex items-center justify-center text-2xl bg-gray-50 dark:bg-gray-800/50 border border-gray-100 dark:border-gray-700"[39m
                [33mstyle[39m=[32m"color: rgb(59, 130, 246); background-color: rgba(59, 130, 246, 0.082);"[39m
              [36m>[39m
                [0m💰[0m
              [36m</div>[39m
            [36m</div>[39m
            [36m<div[39m
              [33mclass[39m=[32m"flex-1"[39m
            [36m>[39m
              [36m<label[39m
                [33mclass[39m=[32m"text-sm font-bold text-gray-700 dark:text-gray-300 mb-2 flex items-center gap-2"[39m
              [36m>[39m
                [36m<svg[39m
                  [33maria-hidden[39m=[32m"true"[39m
                  [33mclass[39m=[32m"lucide lucide-tag w-4 h-4 text-gray-400 dark:text-gray-500"[39m
                  [33mfill[39m=[32m"none"[39m
                  [33mheight[39m=[32m"24"[39m
                  [33mstroke[39m=[32m"currentColor"[39m
                  [33mstroke-linecap[39m=[32m"round"[39m
                  [33mstroke-linejoin[39m=[32m"round"[39m
                  [33mstroke-width[39m=[32m"2"[39m
                  [33mviewBox[39m=[32m"0 0 24 24"[39m
                  [33mwidth[39m=[32m"24"[39m
                  [33mxmlns[39m=[32m"http://www.w3.org/2000/svg"[39m
                [36m>[39m
                  [36m<path[39m
                    [33md[39m=[32m"M12.586 2.586A2 2 0 0 0 11.172 2H4a2 2 0 0 0-2 2v7.172a2 2 0 0 0 .586 1.414l8.704 8.704a2.426 2.426 0 0 0 3.42 0l6.58-6.58a2.426 2.426 0 0 0 0-3.42z"[39m
                  [36m/>[39m
                  [36m<circle[39m
                    [33mcx[39m=[32m"7.5"[39m
                    [33mcy[39m=[32m"7.5"[39m
                    [33mfill[39m=[32m"currentColor"[39m
                    [33mr[39m=[32m".5"[39m
                  [36m/>[39m
                [36m</svg>[39m
                [0mNome da Categoria[0m
              [36m</label>[39m
              [36m<input[39m
                [33mclass[39m=[32m"w-full px-4 py-3 bg-gray-50 dark:bg-gray-800/50 border text-gray-900 dark:text-gray-100 rounded-2xl focus:ring-4 outline-none transition-all placeholder:text-gray-300 dark:placeholder:text-gray-600 border-red-300 focus:ring-red-500/10 focus:border-red-500 dark:border-red-500/50 dark:focus:ring-red-500/20"[39m
                [33mname[39m=[32m"name"[39m
                [33mplaceholder[39m=[32m"Ex: Alimentação..."[39m
                [33mtype[39m=[32m"text"[39m
              [36m/>[39m
            [36m</div>[39m
          [36m</div>[39m
          [36m<div[39m
            [33mclass[39m=[32m"space-y-2"[39m
          [36m>[39m
            [36m<label[39m
              [33mclass[39m=[32m"text-sm font-bold text-gray-700 dark:text-gray-300 mb-2 flex items-center gap-2"[39m
            [36m>[39m
              [36m<span[39m
                [33mclass[39m=[32m"w-4 h-4 flex items-center justify-center text-gray-400 dark:text-gray-500 font-mono text-[10px]"[39m
              [36m>[39m
                [0mR$[0m
              [36m</span>[39m
              [0mLimite Mensal (Budget)[0m
            [36m</label>[39m
            [36m<input[39m
              [33mclass[39m=[32m"w-full px-4 py-3 bg-gray-50 dark:bg-gray-800/50 border border-gray-100 dark:border-gray-700 text-gray-900 dark:text-gray-100 rounded-2xl focus:ring-4 focus:ring-blue-500/10 focus:border-blue-500 outline-none transition-all placeholder:text-gray-300 dark:placeholder:text-gray-600"[39m
              [33mname[39m=[32m"monthly_limit"[39m
              [33mplaceholder[39m=[32m"Ex: 500,00"[39m
              [33mstep[39m=[32m"0.01"[39m
              [33mtype[39m=[32m"number"[39m
            [36m/>[39m
            [36m<p[39m
              [33mclass[39m=[32m"text-[10px] text-gray-400 dark:text-gray-500 ml-1"[39m
            [36m>[39m
              [0mDeixe como 0 para não definir limite.[0m
            [36m</p>[39m
          [36m</div>[39m
          [36m<div>[39m
            [36m<div[39m
              [33mclass[39m=[32m"flex justify-between items-center mb-4"[39m
            [36m>[39m
              [36m<label[39m
                [33mclass[39m=[32m"text-sm font-bold text-gray-700 dark:text-gray-300 block"[39m
              [36m>[39m
        ...
 ❯ waitForWrapper node_modules/@testing-library/dom/dist/wait-for.js:163:27
 ❯ node_modules/@testing-library/dom/dist/query-helpers.js:86:33
 ❯ src/components/CategoryForm.test.tsx:192:25
    190|     fireEvent.click(screen.getByText('Salvar Categoria'));
    191| 
    192|     expect(await screen.findByText('Nome é obrigatório')).toBeInTheDoc…
       |                         ^
    193|   });
    194| });

⎯⎯⎯⎯⎯⎯⎯⎯⎯⎯⎯⎯⎯⎯⎯⎯⎯⎯⎯⎯⎯⎯⎯[1/12]⎯

 FAIL  src/pages/Categories.test.tsx > Categories > deve renderizar o título "Minhas Categorias"
TestingLibraryElementError: Unable to find an element with the text: Minhas Categorias. This could be because the text is broken up by multiple elements. In this case, you can provide a function for your text matcher to make your matcher more flexible.

Ignored nodes: comments, script, style
[36m<body>[39m
  [36m<div>[39m
    [36m<div[39m
      [33mclass[39m=[32m"A-main h-screen overflow-y-auto w-full"[39m
    [36m>[39m
      [36m<div[39m
        [33mclass[39m=[32m"A-top"[39m
      [36m>[39m
        [36m<div>[39m
          [36m<h1[39m
            [33mclass[39m=[32m"text-gray-900 dark:text-white"[39m
          [36m>[39m
            [0mCategorias[0m
          [36m</h1>[39m
          [36m<div[39m
            [33mclass[39m=[32m"sub"[39m
          [36m>[39m
            [0m0[0m
            [0m categorias cadastradas[0m
          [36m</div>[39m
        [36m</div>[39m
        [36m<div[39m
          [33mclass[39m=[32m"flex gap-2"[39m
        [36m>[39m
          [36m<div[39m
            [33mclass[39m=[32m"relative"[39m
          [36m>[39m
            [36m<button[39m
              [33mclass[39m=[32m"A-chip whitespace-nowrap"[39m
            [36m>[39m
              [36m<svg[39m
                [33maria-hidden[39m=[32m"true"[39m
                [33mclass[39m=[32m"lucide lucide-calendar text-indigo-500"[39m
                [33mfill[39m=[32m"none"[39m
                [33mheight[39m=[32m"14"[39m
                [33mstroke[39m=[32m"currentColor"[39m
                [33mstroke-linecap[39m=[32m"round"[39m
                [33mstroke-linejoin[39m=[32m"round"[39m
                [33mstroke-width[39m=[32m"2"[39m
                [33mviewBox[39m=[32m"0 0 24 24"[39m
                [33mwidth[39m=[32m"14"[39m
                [33mxmlns[39m=[32m"http://www.w3.org/2000/svg"[39m
              [36m>[39m
                [36m<path[39m
                  [33md[39m=[32m"M8 2v4"[39m
                [36m/>[39m
                [36m<path[39m
                  [33md[39m=[32m"M16 2v4"[39m
                [36m/>[39m
                [36m<rect[39m
                  [33mheight[39m=[32m"18"[39m
                  [33mrx[39m=[32m"2"[39m
                  [33mwidth[39m=[32m"18"[39m
                  [33mx[39m=[32m"3"[39m
                  [33my[39m=[32m"4"[39m
                [36m/>[39m
                [36m<path[39m
                  [33md[39m=[32m"M3 10h18"[39m
                [36m/>[39m
              [36m</svg>[39m
              [36m<span>[39m
                [0mAbril 2026[0m
              [36m</span>[39m
            [36m</button>[39m
          [36m</div>[39m
          [36m<button[39m
            [33mclass[39m=[32m"A-chip primary"[39m
          [36m>[39m
            [36m<svg[39m
              [33maria-hidden[39m=[32m"true"[39m
              [33mclass[39m=[32m"lucide lucide-plus mr-1"[39m
              [33mfill[39m=[32m"none"[39m
              [33mheight[39m=[32m"14"[39m
              [33mstroke[39m=[32m"currentColor"[39m
              [33mstroke-linecap[39m=[32m"round"[39m
              [33mstroke-linejoin[39m=[32m"round"[39m
              [33mstroke-width[39m=[32m"2"[39m
              [33mviewBox[39m=[32m"0 0 24 24"[39m
              [33mwidth[39m=[32m"14"[39m
              [33mxmlns[39m=[32m"http://www.w3.org/2000/svg"[39m
            [36m>[39m
              [36m<path[39m
                [33md[39m=[32m"M5 12h14"[39m
              [36m/>[39m
              [36m<path[39m
                [33md[39m=[32m"M12 5v14"[39m
              [36m/>[39m
            [36m</svg>[39m
            [0m Nova categoria[0m
          [36m</button>[39m
        [36m</div>[39m
      [36m</div>[39m
      [36m<div[39m
        [33mclass[39m=[32m"grid grid-cols-1 md:grid-cols-2 lg:grid-cols-3 xl:grid-cols-4 gap-4"[39m
      [36m>[39m
        [36m<button[39m
          [33mclass[39m=[32m"border-2 border-dashed border-gray-200 dark:border-gray-800 rounded-2xl p-6 flex flex-col items-center justify-center gap-2 text-gray-500 hover:border-blue-500 hover:text-blue-500 transition-all group min-h-[180px]"[39m
        [36m>[39m
          [36m<svg[39m
            [33maria-hidden[39m=[32m"true"[39m
            [33mclass[39m=[32m"lucide lucide-plus group-hover:scale-110 transition-transform"[39m
            [33mfill[39m=[32m"none"[39m
            [33mheight[39m=[32m"24"[39m
            [33mstroke[39m=[32m"currentColor"[39m
            [33mstroke-linecap[39m=[32m"round"[39m
            [33mstroke-linejoin[39m=[32m"round"[39m
            [33mstroke-width[39m=[32m"2"[39m
            [33mviewBox[39m=[32m"0 0 24 24"[39m
            [33mwidth[39m=[32m"24"[39m
            [33mxmlns[39m=[32m"http://www.w3.org/2000/svg"[39m
          [36m>[39m
            [36m<path[39m
              [33md[39m=[32m"M5 12h14"[39m
            [36m/>[39m
            [36m<path[39m
              [33md[39m=[32m"M12 5v14"[39m
            [36m/>[39m
          [36m</svg>[39m
          [36m<span[39m
            [33mclass[39m=[32m"text-sm font-medium"[39m
          [36m>[39m
            [0mCriar categoria personalizada[0m
          [36m</span>[39m
        [36m</button>[39m
      [36m</div>[39m
    [36m</div>[39m
  [36m</div>[39m
[36m</body>[39m
 ❯ Object.getElementError node_modules/@testing-library/dom/dist/config.js:37:19
 ❯ node_modules/@testing-library/dom/dist/query-helpers.js:76:38
 ❯ node_modules/@testing-library/dom/dist/query-helpers.js:52:17
 ❯ node_modules/@testing-library/dom/dist/query-helpers.js:95:19
 ❯ src/pages/Categories.test.tsx:87:19
     85|   it('deve renderizar o título "Minhas Categorias"', () => {
     86|     render(<Categories />);
     87|     expect(screen.getByText('Minhas Categorias')).toBeInTheDocument();
       |                   ^
     88|   });
     89| 

⎯⎯⎯⎯⎯⎯⎯⎯⎯⎯⎯⎯⎯⎯⎯⎯⎯⎯⎯⎯⎯⎯⎯[2/12]⎯

 FAIL  src/pages/Categories.test.tsx > Categories > deve exibir a tela de vazio quando não há categorias
TestingLibraryElementError: Unable to find an element with the text: Nenhuma categoria. This could be because the text is broken up by multiple elements. In this case, you can provide a function for your text matcher to make your matcher more flexible.

Ignored nodes: comments, script, style
[36m<body>[39m
  [36m<div>[39m
    [36m<div[39m
      [33mclass[39m=[32m"A-main h-screen overflow-y-auto w-full"[39m
    [36m>[39m
      [36m<div[39m
        [33mclass[39m=[32m"A-top"[39m
      [36m>[39m
        [36m<div>[39m
          [36m<h1[39m
            [33mclass[39m=[32m"text-gray-900 dark:text-white"[39m
          [36m>[39m
            [0mCategorias[0m
          [36m</h1>[39m
          [36m<div[39m
            [33mclass[39m=[32m"sub"[39m
          [36m>[39m
            [0m0[0m
            [0m categorias cadastradas[0m
          [36m</div>[39m
        [36m</div>[39m
        [36m<div[39m
          [33mclass[39m=[32m"flex gap-2"[39m
        [36m>[39m
          [36m<div[39m
            [33mclass[39m=[32m"relative"[39m
          [36m>[39m
            [36m<button[39m
              [33mclass[39m=[32m"A-chip whitespace-nowrap"[39m
            [36m>[39m
              [36m<svg[39m
                [33maria-hidden[39m=[32m"true"[39m
                [33mclass[39m=[32m"lucide lucide-calendar text-indigo-500"[39m
                [33mfill[39m=[32m"none"[39m
                [33mheight[39m=[32m"14"[39m
                [33mstroke[39m=[32m"currentColor"[39m
                [33mstroke-linecap[39m=[32m"round"[39m
                [33mstroke-linejoin[39m=[32m"round"[39m
                [33mstroke-width[39m=[32m"2"[39m
                [33mviewBox[39m=[32m"0 0 24 24"[39m
                [33mwidth[39m=[32m"14"[39m
                [33mxmlns[39m=[32m"http://www.w3.org/2000/svg"[39m
              [36m>[39m
                [36m<path[39m
                  [33md[39m=[32m"M8 2v4"[39m
                [36m/>[39m
                [36m<path[39m
                  [33md[39m=[32m"M16 2v4"[39m
                [36m/>[39m
                [36m<rect[39m
                  [33mheight[39m=[32m"18"[39m
                  [33mrx[39m=[32m"2"[39m
                  [33mwidth[39m=[32m"18"[39m
                  [33mx[39m=[32m"3"[39m
                  [33my[39m=[32m"4"[39m
                [36m/>[39m
                [36m<path[39m
                  [33md[39m=[32m"M3 10h18"[39m
                [36m/>[39m
              [36m</svg>[39m
              [36m<span>[39m
                [0mAbril 2026[0m
              [36m</span>[39m
            [36m</button>[39m
          [36m</div>[39m
          [36m<button[39m
            [33mclass[39m=[32m"A-chip primary"[39m
          [36m>[39m
            [36m<svg[39m
              [33maria-hidden[39m=[32m"true"[39m
              [33mclass[39m=[32m"lucide lucide-plus mr-1"[39m
              [33mfill[39m=[32m"none"[39m
              [33mheight[39m=[32m"14"[39m
              [33mstroke[39m=[32m"currentColor"[39m
              [33mstroke-linecap[39m=[32m"round"[39m
              [33mstroke-linejoin[39m=[32m"round"[39m
              [33mstroke-width[39m=[32m"2"[39m
              [33mviewBox[39m=[32m"0 0 24 24"[39m
              [33mwidth[39m=[32m"14"[39m
              [33mxmlns[39m=[32m"http://www.w3.org/2000/svg"[39m
            [36m>[39m
              [36m<path[39m
                [33md[39m=[32m"M5 12h14"[39m
              [36m/>[39m
              [36m<path[39m
                [33md[39m=[32m"M12 5v14"[39m
              [36m/>[39m
            [36m</svg>[39m
            [0m Nova categoria[0m
          [36m</button>[39m
        [36m</div>[39m
      [36m</div>[39m
      [36m<div[39m
        [33mclass[39m=[32m"grid grid-cols-1 md:grid-cols-2 lg:grid-cols-3 xl:grid-cols-4 gap-4"[39m
      [36m>[39m
        [36m<button[39m
          [33mclass[39m=[32m"border-2 border-dashed border-gray-200 dark:border-gray-800 rounded-2xl p-6 flex flex-col items-center justify-center gap-2 text-gray-500 hover:border-blue-500 hover:text-blue-500 transition-all group min-h-[180px]"[39m
        [36m>[39m
          [36m<svg[39m
            [33maria-hidden[39m=[32m"true"[39m
            [33mclass[39m=[32m"lucide lucide-plus group-hover:scale-110 transition-transform"[39m
            [33mfill[39m=[32m"none"[39m
            [33mheight[39m=[32m"24"[39m
            [33mstroke[39m=[32m"currentColor"[39m
            [33mstroke-linecap[39m=[32m"round"[39m
            [33mstroke-linejoin[39m=[32m"round"[39m
            [33mstroke-width[39m=[32m"2"[39m
            [33mviewBox[39m=[32m"0 0 24 24"[39m
            [33mwidth[39m=[32m"24"[39m
            [33mxmlns[39m=[32m"http://www.w3.org/2000/svg"[39m
          [36m>[39m
            [36m<path[39m
              [33md[39m=[32m"M5 12h14"[39m
            [36m/>[39m
            [36m<path[39m
              [33md[39m=[32m"M12 5v14"[39m
            [36m/>[39m
          [36m</svg>[39m
          [36m<span[39m
            [33mclass[39m=[32m"text-sm font-medium"[39m
          [36m>[39m
            [0mCriar categoria personalizada[0m
          [36m</span>[39m
        [36m</button>[39m
      [36m</div>[39m
    [36m</div>[39m
  [36m</div>[39m
[36m</body>[39m
 ❯ Object.getElementError node_modules/@testing-library/dom/dist/config.js:37:19
 ❯ node_modules/@testing-library/dom/dist/query-helpers.js:76:38
 ❯ node_modules/@testing-library/dom/dist/query-helpers.js:52:17
 ❯ node_modules/@testing-library/dom/dist/query-helpers.js:95:19
 ❯ src/pages/Categories.test.tsx:92:19
     90|   it('deve exibir a tela de vazio quando não há categorias', () => {
     91|     render(<Categories />);
     92|     expect(screen.getByText('Nenhuma categoria')).toBeInTheDocument();
       |                   ^
     93|   });
     94| 

⎯⎯⎯⎯⎯⎯⎯⎯⎯⎯⎯⎯⎯⎯⎯⎯⎯⎯⎯⎯⎯⎯⎯[3/12]⎯

 FAIL  src/pages/Categories.test.tsx > Categories > deve abrir o formulário ao clicar em "Criar Primeira Categoria"
TestingLibraryElementError: Unable to find an element with the text: Criar Primeira Categoria. This could be because the text is broken up by multiple elements. In this case, you can provide a function for your text matcher to make your matcher more flexible.

Ignored nodes: comments, script, style
[36m<body>[39m
  [36m<div>[39m
    [36m<div[39m
      [33mclass[39m=[32m"A-main h-screen overflow-y-auto w-full"[39m
    [36m>[39m
      [36m<div[39m
        [33mclass[39m=[32m"A-top"[39m
      [36m>[39m
        [36m<div>[39m
          [36m<h1[39m
            [33mclass[39m=[32m"text-gray-900 dark:text-white"[39m
          [36m>[39m
            [0mCategorias[0m
          [36m</h1>[39m
          [36m<div[39m
            [33mclass[39m=[32m"sub"[39m
          [36m>[39m
            [0m0[0m
            [0m categorias cadastradas[0m
          [36m</div>[39m
        [36m</div>[39m
        [36m<div[39m
          [33mclass[39m=[32m"flex gap-2"[39m
        [36m>[39m
          [36m<div[39m
            [33mclass[39m=[32m"relative"[39m
          [36m>[39m
            [36m<button[39m
              [33mclass[39m=[32m"A-chip whitespace-nowrap"[39m
            [36m>[39m
              [36m<svg[39m
                [33maria-hidden[39m=[32m"true"[39m
                [33mclass[39m=[32m"lucide lucide-calendar text-indigo-500"[39m
                [33mfill[39m=[32m"none"[39m
                [33mheight[39m=[32m"14"[39m
                [33mstroke[39m=[32m"currentColor"[39m
                [33mstroke-linecap[39m=[32m"round"[39m
                [33mstroke-linejoin[39m=[32m"round"[39m
                [33mstroke-width[39m=[32m"2"[39m
                [33mviewBox[39m=[32m"0 0 24 24"[39m
                [33mwidth[39m=[32m"14"[39m
                [33mxmlns[39m=[32m"http://www.w3.org/2000/svg"[39m
              [36m>[39m
                [36m<path[39m
                  [33md[39m=[32m"M8 2v4"[39m
                [36m/>[39m
                [36m<path[39m
                  [33md[39m=[32m"M16 2v4"[39m
                [36m/>[39m
                [36m<rect[39m
                  [33mheight[39m=[32m"18"[39m
                  [33mrx[39m=[32m"2"[39m
                  [33mwidth[39m=[32m"18"[39m
                  [33mx[39m=[32m"3"[39m
                  [33my[39m=[32m"4"[39m
                [36m/>[39m
                [36m<path[39m
                  [33md[39m=[32m"M3 10h18"[39m
                [36m/>[39m
              [36m</svg>[39m
              [36m<span>[39m
                [0mAbril 2026[0m
              [36m</span>[39m
            [36m</button>[39m
          [36m</div>[39m
          [36m<button[39m
            [33mclass[39m=[32m"A-chip primary"[39m
          [36m>[39m
            [36m<svg[39m
              [33maria-hidden[39m=[32m"true"[39m
              [33mclass[39m=[32m"lucide lucide-plus mr-1"[39m
              [33mfill[39m=[32m"none"[39m
              [33mheight[39m=[32m"14"[39m
              [33mstroke[39m=[32m"currentColor"[39m
              [33mstroke-linecap[39m=[32m"round"[39m
              [33mstroke-linejoin[39m=[32m"round"[39m
              [33mstroke-width[39m=[32m"2"[39m
              [33mviewBox[39m=[32m"0 0 24 24"[39m
              [33mwidth[39m=[32m"14"[39m
              [33mxmlns[39m=[32m"http://www.w3.org/2000/svg"[39m
            [36m>[39m
              [36m<path[39m
                [33md[39m=[32m"M5 12h14"[39m
              [36m/>[39m
              [36m<path[39m
                [33md[39m=[32m"M12 5v14"[39m
              [36m/>[39m
            [36m</svg>[39m
            [0m Nova categoria[0m
          [36m</button>[39m
        [36m</div>[39m
      [36m</div>[39m
      [36m<div[39m
        [33mclass[39m=[32m"grid grid-cols-1 md:grid-cols-2 lg:grid-cols-3 xl:grid-cols-4 gap-4"[39m
      [36m>[39m
        [36m<button[39m
          [33mclass[39m=[32m"border-2 border-dashed border-gray-200 dark:border-gray-800 rounded-2xl p-6 flex flex-col items-center justify-center gap-2 text-gray-500 hover:border-blue-500 hover:text-blue-500 transition-all group min-h-[180px]"[39m
        [36m>[39m
          [36m<svg[39m
            [33maria-hidden[39m=[32m"true"[39m
            [33mclass[39m=[32m"lucide lucide-plus group-hover:scale-110 transition-transform"[39m
            [33mfill[39m=[32m"none"[39m
            [33mheight[39m=[32m"24"[39m
            [33mstroke[39m=[32m"currentColor"[39m
            [33mstroke-linecap[39m=[32m"round"[39m
            [33mstroke-linejoin[39m=[32m"round"[39m
            [33mstroke-width[39m=[32m"2"[39m
            [33mviewBox[39m=[32m"0 0 24 24"[39m
            [33mwidth[39m=[32m"24"[39m
            [33mxmlns[39m=[32m"http://www.w3.org/2000/svg"[39m
          [36m>[39m
            [36m<path[39m
              [33md[39m=[32m"M5 12h14"[39m
            [36m/>[39m
            [36m<path[39m
              [33md[39m=[32m"M12 5v14"[39m
            [36m/>[39m
          [36m</svg>[39m
          [36m<span[39m
            [33mclass[39m=[32m"text-sm font-medium"[39m
          [36m>[39m
            [0mCriar categoria personalizada[0m
          [36m</span>[39m
        [36m</button>[39m
      [36m</div>[39m
    [36m</div>[39m
  [36m</div>[39m
[36m</body>[39m
 ❯ Object.getElementError node_modules/@testing-library/dom/dist/config.js:37:19
 ❯ node_modules/@testing-library/dom/dist/query-helpers.js:76:38
 ❯ node_modules/@testing-library/dom/dist/query-helpers.js:52:17
 ❯ node_modules/@testing-library/dom/dist/query-helpers.js:95:19
 ❯ src/pages/Categories.test.tsx:97:28
     95|   it('deve abrir o formulário ao clicar em "Criar Primeira Categoria"'…
     96|     render(<Categories />);
     97|     fireEvent.click(screen.getByText('Criar Primeira Categoria'));
       |                            ^
     98|     expect(screen.getByTestId('category-form')).toBeInTheDocument();
     99|   });

⎯⎯⎯⎯⎯⎯⎯⎯⎯⎯⎯⎯⎯⎯⎯⎯⎯⎯⎯⎯⎯⎯⎯[4/12]⎯

 FAIL  src/pages/Categories.test.tsx > Categories > deve abrir o formulário ao clicar em "Nova Categoria"
TestingLibraryElementError: Unable to find an element with the text: Nova Categoria. This could be because the text is broken up by multiple elements. In this case, you can provide a function for your text matcher to make your matcher more flexible.

Ignored nodes: comments, script, style
[36m<body>[39m
  [36m<div>[39m
    [36m<div[39m
      [33mclass[39m=[32m"A-main h-screen overflow-y-auto w-full"[39m
    [36m>[39m
      [36m<div[39m
        [33mclass[39m=[32m"A-top"[39m
      [36m>[39m
        [36m<div>[39m
          [36m<h1[39m
            [33mclass[39m=[32m"text-gray-900 dark:text-white"[39m
          [36m>[39m
            [0mCategorias[0m
          [36m</h1>[39m
          [36m<div[39m
            [33mclass[39m=[32m"sub"[39m
          [36m>[39m
            [0m0[0m
            [0m categorias cadastradas[0m
          [36m</div>[39m
        [36m</div>[39m
        [36m<div[39m
          [33mclass[39m=[32m"flex gap-2"[39m
        [36m>[39m
          [36m<div[39m
            [33mclass[39m=[32m"relative"[39m
          [36m>[39m
            [36m<button[39m
              [33mclass[39m=[32m"A-chip whitespace-nowrap"[39m
            [36m>[39m
              [36m<svg[39m
                [33maria-hidden[39m=[32m"true"[39m
                [33mclass[39m=[32m"lucide lucide-calendar text-indigo-500"[39m
                [33mfill[39m=[32m"none"[39m
                [33mheight[39m=[32m"14"[39m
                [33mstroke[39m=[32m"currentColor"[39m
                [33mstroke-linecap[39m=[32m"round"[39m
                [33mstroke-linejoin[39m=[32m"round"[39m
                [33mstroke-width[39m=[32m"2"[39m
                [33mviewBox[39m=[32m"0 0 24 24"[39m
                [33mwidth[39m=[32m"14"[39m
                [33mxmlns[39m=[32m"http://www.w3.org/2000/svg"[39m
              [36m>[39m
                [36m<path[39m
                  [33md[39m=[32m"M8 2v4"[39m
                [36m/>[39m
                [36m<path[39m
                  [33md[39m=[32m"M16 2v4"[39m
                [36m/>[39m
                [36m<rect[39m
                  [33mheight[39m=[32m"18"[39m
                  [33mrx[39m=[32m"2"[39m
                  [33mwidth[39m=[32m"18"[39m
                  [33mx[39m=[32m"3"[39m
                  [33my[39m=[32m"4"[39m
                [36m/>[39m
                [36m<path[39m
                  [33md[39m=[32m"M3 10h18"[39m
                [36m/>[39m
              [36m</svg>[39m
              [36m<span>[39m
                [0mAbril 2026[0m
              [36m</span>[39m
            [36m</button>[39m
          [36m</div>[39m
          [36m<button[39m
            [33mclass[39m=[32m"A-chip primary"[39m
          [36m>[39m
            [36m<svg[39m
              [33maria-hidden[39m=[32m"true"[39m
              [33mclass[39m=[32m"lucide lucide-plus mr-1"[39m
              [33mfill[39m=[32m"none"[39m
              [33mheight[39m=[32m"14"[39m
              [33mstroke[39m=[32m"currentColor"[39m
              [33mstroke-linecap[39m=[32m"round"[39m
              [33mstroke-linejoin[39m=[32m"round"[39m
              [33mstroke-width[39m=[32m"2"[39m
              [33mviewBox[39m=[32m"0 0 24 24"[39m
              [33mwidth[39m=[32m"14"[39m
              [33mxmlns[39m=[32m"http://www.w3.org/2000/svg"[39m
            [36m>[39m
              [36m<path[39m
                [33md[39m=[32m"M5 12h14"[39m
              [36m/>[39m
              [36m<path[39m
                [33md[39m=[32m"M12 5v14"[39m
              [36m/>[39m
            [36m</svg>[39m
            [0m Nova categoria[0m
          [36m</button>[39m
        [36m</div>[39m
      [36m</div>[39m
      [36m<div[39m
        [33mclass[39m=[32m"grid grid-cols-1 md:grid-cols-2 lg:grid-cols-3 xl:grid-cols-4 gap-4"[39m
      [36m>[39m
        [36m<button[39m
          [33mclass[39m=[32m"border-2 border-dashed border-gray-200 dark:border-gray-800 rounded-2xl p-6 flex flex-col items-center justify-center gap-2 text-gray-500 hover:border-blue-500 hover:text-blue-500 transition-all group min-h-[180px]"[39m
        [36m>[39m
          [36m<svg[39m
            [33maria-hidden[39m=[32m"true"[39m
            [33mclass[39m=[32m"lucide lucide-plus group-hover:scale-110 transition-transform"[39m
            [33mfill[39m=[32m"none"[39m
            [33mheight[39m=[32m"24"[39m
            [33mstroke[39m=[32m"currentColor"[39m
            [33mstroke-linecap[39m=[32m"round"[39m
            [33mstroke-linejoin[39m=[32m"round"[39m
            [33mstroke-width[39m=[32m"2"[39m
            [33mviewBox[39m=[32m"0 0 24 24"[39m
            [33mwidth[39m=[32m"24"[39m
            [33mxmlns[39m=[32m"http://www.w3.org/2000/svg"[39m
          [36m>[39m
            [36m<path[39m
              [33md[39m=[32m"M5 12h14"[39m
            [36m/>[39m
            [36m<path[39m
              [33md[39m=[32m"M12 5v14"[39m
            [36m/>[39m
          [36m</svg>[39m
          [36m<span[39m
            [33mclass[39m=[32m"text-sm font-medium"[39m
          [36m>[39m
            [0mCriar categoria personalizada[0m
          [36m</span>[39m
        [36m</button>[39m
      [36m</div>[39m
    [36m</div>[39m
  [36m</div>[39m
[36m</body>[39m
 ❯ Object.getElementError node_modules/@testing-library/dom/dist/config.js:37:19
 ❯ node_modules/@testing-library/dom/dist/query-helpers.js:76:38
 ❯ node_modules/@testing-library/dom/dist/query-helpers.js:52:17
 ❯ node_modules/@testing-library/dom/dist/query-helpers.js:95:19
 ❯ src/pages/Categories.test.tsx:103:28
    101|   it('deve abrir o formulário ao clicar em "Nova Categoria"', () => {
    102|     render(<Categories />);
    103|     fireEvent.click(screen.getByText('Nova Categoria'));
       |                            ^
    104|     expect(screen.getByTestId('category-form')).toBeInTheDocument();
    105|   });

⎯⎯⎯⎯⎯⎯⎯⎯⎯⎯⎯⎯⎯⎯⎯⎯⎯⎯⎯⎯⎯⎯⎯[5/12]⎯

 FAIL  src/pages/Dashboard.test.tsx > Dashboard > deve abrir o menu flutuante (FAB) ao clicar
Error: expect(received).toBeInTheDocument()

received value must be an HTMLElement or an SVGElement.
Received has type:  Undefined
Received has value: undefined
 ❯ src/pages/Dashboard.test.tsx:96:27
     94|       .find((b) => b.className.includes('bg-blue-600'));
     95| 
     96|     expect(mainFabButton).toBeInTheDocument();
       |                           ^
     97| 
     98|     // Clica para abrir o menu

⎯⎯⎯⎯⎯⎯⎯⎯⎯⎯⎯⎯⎯⎯⎯⎯⎯⎯⎯⎯⎯⎯⎯[6/12]⎯

 FAIL  src/pages/Dashboard.test.tsx > Dashboard > deve lidar com callbacks dos filtros
TestingLibraryElementError: Unable to find an element with the text: Search. This could be because the text is broken up by multiple elements. In this case, you can provide a function for your text matcher to make your matcher more flexible.

Ignored nodes: comments, script, style
[36m<body>[39m
  [36m<div>[39m
    [36m<main[39m
      [33mclass[39m=[32m"A-main h-screen overflow-y-auto w-full"[39m
    [36m>[39m
      [36m<div[39m
        [33mclass[39m=[32m"A-top"[39m
      [36m>[39m
        [36m<div>[39m
          [36m<h1[39m
            [33mclass[39m=[32m"text-gray-900 dark:text-white"[39m
          [36m>[39m
            [0mBoa noite[0m
            [0m, [0m
            [0mTest[0m
            [0m.[0m
          [36m</h1>[39m
          [36m<div[39m
            [33mclass[39m=[32m"sub"[39m
          [36m>[39m
            [0mVocê gastou [0m
            [36m<b[39m
              [33mclass[39m=[32m"text-gray-900 dark:text-white"[39m
            [36m>[39m
              [0mR$ NaN[0m
            [36m</b>[39m
            [0m [0m
            [0mem [0m
            [0mabril[0m
          [36m</div>[39m
        [36m</div>[39m
        [36m<div[39m
          [33mclass[39m=[32m"flex gap-2 items-center flex-wrap"[39m
        [36m>[39m
          [36m<div[39m
            [33mclass[39m=[32m"relative"[39m
          [36m>[39m
            [36m<button[39m
              [33mclass[39m=[32m"A-chip whitespace-nowrap"[39m
            [36m>[39m
              [36m<svg[39m
                [33maria-hidden[39m=[32m"true"[39m
                [33mclass[39m=[32m"lucide lucide-calendar text-indigo-500"[39m
                [33mfill[39m=[32m"none"[39m
                [33mheight[39m=[32m"14"[39m
                [33mstroke[39m=[32m"currentColor"[39m
                [33mstroke-linecap[39m=[32m"round"[39m
                [33mstroke-linejoin[39m=[32m"round"[39m
                [33mstroke-width[39m=[32m"2"[39m
                [33mviewBox[39m=[32m"0 0 24 24"[39m
                [33mwidth[39m=[32m"14"[39m
                [33mxmlns[39m=[32m"http://www.w3.org/2000/svg"[39m
              [36m>[39m
                [36m<path[39m
                  [33md[39m=[32m"M8 2v4"[39m
                [36m/>[39m
                [36m<path[39m
                  [33md[39m=[32m"M16 2v4"[39m
                [36m/>[39m
                [36m<rect[39m
                  [33mheight[39m=[32m"18"[39m
                  [33mrx[39m=[32m"2"[39m
                  [33mwidth[39m=[32m"18"[39m
                  [33mx[39m=[32m"3"[39m
                  [33my[39m=[32m"4"[39m
                [36m/>[39m
                [36m<path[39m
                  [33md[39m=[32m"M3 10h18"[39m
                [36m/>[39m
              [36m</svg>[39m
              [36m<span>[39m
                [0mAbril 2026[0m
              [36m</span>[39m
            [36m</button>[39m
          [36m</div>[39m
          [36m<div[39m
            [33mclass[39m=[32m"flex bg-gray-100 dark:bg-gray-800 p-1 rounded-lg"[39m
          [36m>[39m
            [36m<button[39m
              [33mclass[39m=[32m"px-4 py-1.5 rounded-md text-xs font-medium transition-all bg-white dark:bg-gray-700 text-gray-900 dark:text-white shadow-sm"[39m
            [36m>[39m
              [0mTodos[0m
            [36m</button>[39m
            [36m<button[39m
              [33mclass[39m=[32m"px-4 py-1.5 rounded-md text-xs font-medium transition-all text-gray-500"[39m
            [36m>[39m
              [0mReceitas[0m
            [36m</button>[39m
            [36m<button[39m
              [33mclass[39m=[32m"px-4 py-1.5 rounded-md text-xs font-medium transition-all text-gray-500"[39m
            [36m>[39m
              [0mDespesas[0m
            [36m</button>[39m
          [36m</div>[39m
          [36m<button[39m
            [33mclass[39m=[32m"A-chip primary"[39m
          [36m>[39m
            [36m<svg[39m
              [33maria-hidden[39m=[32m"true"[39m
              [33mclass[39m=[32m"lucide lucide-plus mr-1"[39m
              [33mfill[39m=[32m"none"[39m
              [33mheight[39m=[32m"14"[39m
              [33mstroke[39m=[32m"currentColor"[39m
              [33mstroke-linecap[39m=[32m"round"[39m
              [33mstroke-linejoin[39m=[32m"round"[39m
              [33mstroke-width[39m=[32m"2"[39m
              [33mviewBox[39m=[32m"0 0 24 24"[39m
              [33mwidth[39m=[32m"14"[39m
              [33mxmlns[39m=[32m"http://www.w3.org/2000/svg"[39m
            [36m>[39m
              [36m<path[39m
                [33md[39m=[32m"M5 12h14"[39m
              [36m/>[39m
              [36m<path[39m
                [33md[39m=[32m"M12 5v14"[39m
              [36m/>[39m
            [36m</svg>[39m
            [0m Nova transação[0m
          [36m</button>[39m
        [36m</div>[39m
      [36m</div>[39m
      [36m<div[39m
        [33mclass[39m=[32m"A-kpis"[39m
      [36m>[39m
        [36m<div[39m
          [33mclass[39m=[32m"A-kpi"[39m
        [36m>[39m
          [36m<div[39m
            [33mclass[39m=[32m"lbl"[39m
          [36m>[39m
            [0mDISPONÍVEL[0m
          [36m</div>[39m
          [36m<div[39m
            [33mclass[39m=[32m"sublbl"[39m
          [36m>[39m
            [0mSaldo em conta[0m
          [36m</div>[39m
          [36m<div[39m
            [33mclass[39m=[32m"val"[39m
          [36m>[39m
            [0mR$ NaN[0m
          [36m</div>[39m
          [36m<div[39m
            [33mclass[39m=[32m"dlt pos"[39m
          [36m>[39m
            [0m0% vs. mês anterior[0m
          [36m</div>[39m
          [36m<svg[39m
            [33mclass[39m=[32m"spark"[39m
            [33mpreserveAspectRatio[39m=[32m"none"[39m
            [33mviewBox[39m=[32m"0 0 100 24"[39m
          [36m>[39m
            [36m<polyline[39m
              [33mfill[39m=[32m"none"[39m
              [33mpoints[39m=[32m"0,20.18181818181818 14.285714285714285,16.09090909090909 28.57142857142857,22 42.857142857142854,11.090909090909092 57.14285714285714,14.272727272727273 71.42857142857143,6.090909090909092 85.71428571428571,8.363636363636365 100,2"[39m
              [33mstroke[39m=[32m"#10b981"[39m
              [33mstroke-linecap[39m=[32m"round"[39m
              [33mstroke-linejoin[39m=[32m"round"[39m
              [33mstroke-width[39m=[32m"1.5"[39m
            [36m/>[39m
          [36m</svg>[39m
        [36m</div>[39m
        [36m<div[39m
          [33mclass[39m=[32m"A-kpi"[39m
        [36m>[39m
          [36m<div[39m
            [33mclass[39m=[32m"lbl"[39m
          [36m>[39m
            [0mCAIXINHAS[0m
          [36m</div>[39m
          [36m<div[39m
            [33mclass[39m=[32m"sublbl"[39m
          [36m>[39m
            [0mInvestimentos/Reserva[0m
          [36m</div>[39m
          [36m<div[39m
            [33mclass[39m=[32m"val"[39m
          [36m>[39m
            [0mR$ NaN[0m
          [36m</div>[39m
          [36m<div[39m
            [33mclass[39m=[32m"dlt pos"[39m
          [36m>[39m
            [0m0% vs. mês anterior[0m
          [36m</div>[39m
          [36m<svg[39m
            [33mclass[39m=[32m"spark"[39m
            [33mpreserveAspectRatio[39m=[32m"none"[39m
            [33mviewBox[39m=[32m"0 0 100 24"[39m
          [36m>[39m
            [36m<polyline[39m
              [33mfill[39m=[32m"none"[39m
              [33mpoints[39m=[32m"0,22 14.285714285714285,17 28.57142857142857,20 42.857142857142854,14 57.14285714285714,10 71.42857142857143,12 85.71428571428571,7 100,2"[39m
              [33mstroke[39m=[32m"#8b5cf6"[39m
              [33mstroke-linecap[39m=[32m"round"[39m
              [33mstroke-linejoin[39m=[32m"round"[39m
              [33mstroke-width[39m=[32m"1.5"[39m
            [36m/>[39m
          [36m</svg>[39m
        [36m</div>[39m
        [36m<div[39m
          [33mclass[39m=[32m"A-kpi"[39m
        [36m>[39m
          [36m<div[39m
            [33mclass[39m=[32m"lbl"[39m
          [36m>[39m
            [0mRECEITAS[0m
          [36m</div>[39m
          [36m<div[39m
            [33mclass[39m=[32m"sublbl"[39m
          [36m>[39m
            [0mNeste mês[0m
          [36m</div>[39m
          [36m<div[39m
            [33mclass[39m=[32m"val"[39m
          [36m>[39m
            [0mR$ NaN[0m
          [36m</div>[39m
          [36m<div[39m
            [33mclass[39m=[32m"dlt pos"[39m
          [36m>[39m
            [0m0% vs. mês anterior[0m
          [36m</div>[39m
          [36m<svg[39m
            [33mclass[39m=[32m"spark"[39m
            [33mpreserveAspectRatio[39m=[32m"none"[39m
            [33mviewBox[39m=[32m"0 0 100 24"[39m
          [36m>[39m
            [36m<polyline[39m
              [33mfill[39m=[32m"none"[39m
              [33mpoints[39m=[32m"0,22 14.285714285714285,15.333333333333336 28.57142857142857,18.666666666666668 42.857142857142854,12 57.14285714285714,8.666666666666668 71.42857142857143,13.666666666666666 85.71428571428571,5.333333333333332 100,2"[39m
              [33mstroke[39m=[32m"#6366f1"[39m
              [33mstroke-linecap[39m=[32m"round"[39m
              [33mstroke-linejoin[39m=[32m"round"[39m
              [33mstroke-width[39m=[32m"1.5"[39m
            [36m/>[39m
          [36m</svg>[39m
        [36m</div>[39m
        [36m<div[39m
          [33mclass[39m=[32m"A-kpi"[39m
        [36m>[39m
          [36m<div[39m
            [33mclass[39m=[32m"lbl"[39m
          [36m>[39m
            [0mDESPESAS[0m
          [36m</div>[39m
          [36m<div[39m
            [33mclass[39m=[32m"sublbl"[39m
          [36m>[39m
            [0mNeste mês[0m
          [36m</div>[39m
          [36m<div[39m
            [33mclass[39m=[32m"val"[39m
          [36m>[39m
            [0mR$ NaN[0m
          [36m</div>[39m
          [36m<div[39m
            [33mclass[39m=[32m"dlt neg"[39m
          [36m>[39m
            [0m0% vs. mês anterior[0m
          [36m</div>[39m
          [36m<svg[39m
            [33mclass[39m=[32m"spark"[39m
            [33mpreserveAspectRatio[39m=[32m"none"[39m
            [33mviewBox[39m=[32m"0 0 100 24"[39m
          [36m>[39m
            [36m<polyline[39m
              [33mfill[39m=[32m"none"[39m
              [33mpoints[39m=[32m"0,7 14.285714285714285,12 28.57142857142857,2 42.857142857142854,17 57.14285714285714,22 71.42857142857143,14.5 85.71428571428571,19.5 100,12"[39m
              [33mstroke[39m=[32m"#ef4444"[39m
              [33mstroke-linecap[39m=[32m"round"[39m
              [33mstroke-linejoin[39m=[32m"round"[39m
              [33mstroke-width[39m=[32m"1.5"[39m
            [36m/>[39m
          [36m</svg>[39m
        [36m</div>[39m
      [36m</div>[39m
      [36m<div[39m
        [33mclass[39m=[32m"A-row"[39m
      [36m>[39m
        [36m<div[39m
          [33mclass[39m=[32m"A-card"[39m
        [36m>[39m
          [36m<div[39m
            [33mclass[39m=[32m"A-card-h"[39m
          [36m>[39m
            [36m<div>[39m
              [36m<h3[39m
                [33mclass[39m=[32m"text-gray-900 dark:text-white"[39m
              [36m>[39m
                [0mEvolução Mensal[0m
              [36m</h3>[39m
              [36m<div[39m
                [33mclass[39m=[32m"text-xs text-gray-500 mt-1"[39m
              [36m>[39m
                [0mReceitas vs. Despesas · [0m
                [0m2026[0m
              [36m</div>[39m
            [36m</div>[39m
            [36m<div[39m
              [33mclass[39m=[32m"meta"[39m
            [36m>[39m
              [0mJAN → DEZ[0m
            [36m</div>[39m
          [36m</div>[39m
          [36m<div[39m
            [33mclass[39m=[32m"A-bars"[39m
          [36m/>[39m
          [36m<div[39m
            [33mclass[39m=[32m"flex gap-4 mt-4 text-xs text-gray-500"[39m
          [36m>[39m
            [36m<span[39m
              [33mclass[39m=[32m"flex items-center gap-1.5"[39m
            [36m>[39m
              [36m<span[39m
                [33mclass[39m=[32m"w-2 h-2 rounded-sm bg-gray-900 dark:bg-gray-100"[39m
              [36m/>[39m
              [0m Receitas[0m
            [36m</span>[39m
            [36m<span[39m
              [33mclass[39m=[32m"flex items-center gap-1.5"[39m
            [36m>[39m
              [36m<span[39m
                [33mclass[39m=[32m"w-2 h-2 rounded-sm bg-gray-200 dark:bg-gray-700"[39m
              [36m/>[39m
              [0m Despesas[0m
            [36m</span>[39m
          [36m</div>[39m
        [36m</div>[39m
        [36m<div[39m
          [33mclass[39m=[32m"A-card"[39m
        [36m>[39m
          [36m<div[39m
            [33mclass[39m=[32m"A-card-h"[39m
          [36m>[39m
            [36m<h3[39m
              [33mclass[39m=[32m"text-gray-900 dark:text-white"[39m
            [36m>[39m
              [0mDistribuição[0m
            [36m</h3>[39m
            [36m<div[39m
              [33mclass[39m=[32m"meta"[39m
            [36m>[39m
              [0mR$ NaN[0m
            [36m</div>[39m
          [36m</div>[39m
          [36m<div[39m
            [33mclass[39m=[32m"flex items-center gap-4"[39m
          [36m>[39m
            [36m<svg[39m
              [33mclass[39m=[32m"shrink-0"[39m
              [33mheight[39m=[32m"140"[39m
              [33mviewBox[39m=[32m"0 0 140 140"[39m
              [33mwidth[39m=[32m"140"[39m
            [36m>[39m
              [36m<circle[39m
                [33mclass[39m=[32m"text-gray-100 dark:text-gray-800"[39m
                [33mcx[39m=[32m"70"[39m
                [33mcy[39m=[32m"70"[39m
                [33mfill[39m=[32m"none"[39m
                [33mr[39m=[32m"61"[39m
                [33mstroke[39m=[32m"currentColor"[39m
                [33mstroke-width[39m=[32m"18"[39m
              [36m/>[39m
              [36m<text[39m
                [33mclass[39m=[32m"fill-gray-400 font-mono tracking-widest uppercase"[39m
                [33mfont-size[39m=[32m"10"[39m
                [33mtext-anchor[39m=[32m"middle"[39m
                [33mx[39m=[32m"70"[39m
                [33my[39m=[32m"66"[39m
              [36m>[39m
                [0mGASTO[0m
              [36m</text>[39m
              [36m<text[39m
                [33mclass[39m=[32m"fill-gray-900 dark:fill-white font-sans tracking-tight"[39m
                [33mfont-size[39m=[32m"18"[39m
                [33mfont-weight[39m=[32m"600"[39m
                [33mtext-anchor[39m=[32m"middle"[39m
                [33mx[39m=[32m"70"[39m
                [33my[39m=[32m"86"[39m
              [36m>[39m
                [0mNaN[0m
              [36m</text>[39m
            [36m</svg>[39m
            [36m<div[39m
              [33mclass[39m=[32m"flex-1 flex flex-col gap-2"[39m
            [36m/>[39m
          [36m</div>[39m
        [36m</div>[39m
        [36m<div[39m
          [33mclass[39m=[32m"A-card A-insight"[39m
        [36m>[39m
          [36m<div[39m
            [33mclass[39m=[32m"head text-gray-700 dark:text-gray-300"[39m
          [36m>[39m
            [36m<span[39m
              [33mclass[39m=[32m"i"[39m
            [36m>[39m
              [0m✱[0m
            [36m</span>[39m
            [0mInsights[0m
          [36m</div>[39m
          [36m<div[39m
            [33mclass[39m=[32m"body text-gray-900 dark:text-gray-100"[39m
          [36m>[39m
            [0mAnalise seu comportamento financeiro para gerar insights. As dicas personalizadas aparecerão aqui em breve.[0m
          [36m</div>[39m
          [36m<div[39m
            [33mclass[39m=[32m"mt-2"[39m
          [36m>[39m
            [36m<div[39m
              [33mclass[39m=[32m"flex justify-between text-[11px] font-mono text-gray-500 uppercase tracking-wider mb-2"[39m
            [36m>[39m
              [36m<span>[39m
                [0mMETA MENSAL[0m
              [36m</span>[39m
              [36m<span>[39m
                [0m0%[0m
              [36m</span>[39m
            [36m</div>[39m
            [36m<div[39m
              [33mclass[39m=[32m"goal-bar"[39m
            [36m>[39m
              [36m<div[39m
                [33mclass[39m=[32m"goal-fill"[39m
                [33mstyle[39m=[32m"width: 0%;"[39m
              [36m/>[39m
            [36m</div>[39m
            [36m<div[39m
              [33mclass[39m=[32m"text-[11px] font-mono text-gray-400 mt-2"[39m
            [36m>[39m
              [0mR$ 0,00[0m
              [0m de [0m
              [0mR$ 0,00[0m
            [36m</div>[39m
          [36m</div>[39m
          [36m<div[39m
            [33mclass[39m=[32m"head mt-4 text-gray-700 dark:text-gray-300"[39m
          [36m>[39m
            [36m<span[39m
              [33mclass[39m=[32m"i !bg-green-500/10 !text-green-500"[39m
            [36m>[39m
              [0m↗[0m
            [36m</span>[39m
            [0mPrevisão[0m
          [36m</div>[39m
          [36m<div[39m
            [33mclass[39m=[32m"body text-sm text-gray-900 dark:text-gray-100"[39m
          [36m>[39m
            [0mA previsão de fechamento do mês será habilitada após mais registros.[0m
          [36m</div>[39m
        [36m</div>[39m
      [36m</div>[39m
      [36m<div[39m
        [33mclass[39m=[32m"A-card mb-8"[39m
      [36m>[39m
        [36m<div[39m
          [33mclass[39m=[32m"A-card-h"[39m
        [36m>[39m
          [36m<h3[39m
            [33mclass[39m=[32m"text-gray-900 dark:text-white"[39m
          [36m>[39m
            [0mÚltimas Transações[0m
          [36m</h3>[39m
          [36m<div[39m
            [33mclass[39m=[32m"flex gap-2 items-center"[39m
          [36m>[39m
            [36m<div[39m
              [33mclass[39m=[32m"A-search w-64"[39m
            [36m>[39m
              [36m<svg[39m
                [33maria-hidden[39m=[32m"true"[39m
                [33mclass[39m=[32m"lucide lucide-search text-gray-400"[39m
                [33mfill[39m=[32m"none"[39m
                [33mheight[39m=[32m"14"[39m
                [33mstroke[39m=[32m"currentColor"[39m
                [33mstroke-linecap[39m=[32m"round"[39m
                [33mstroke-linejoin[39m=[32m"round"[39m
                [33mstroke-width[39m=[32m"2"[39m
                [33mviewBox[39m=[32m"0 0 24 24"[39m
                [33mwidth[39m=[32m"14"[39m
                [33mxmlns[39m=[32m"http://www.w3.org/2000/svg"[39m
              [36m>[39m
                [36m<path[39m
                  [33md[39m=[32m"m21 21-4.34-4.34"[39m
                [36m/>[39m
                [36m<circle[39m
                  [33mcx[39m=[32m"11"[39m
                  [33mcy[39m=[32m"11"[39m
                  [33mr[39m=[32m"8"[39m
                [36m/>[39m
              [36m</svg>[39m
              [36m<input[39m
                [33mclass[39m=[32m"text-gray-900 dark:text-white"[39m
                [33mplaceholder[39m=[32m"Buscar por descrição..."[39m
                [33mvalue[39m=[32m""[39m
              [36m/>[39m
            [36m</div>[39m
            [36m<button[39m
              [33mclass[39m=[32m"A-chip"[39m
            [36m>[39m
              [0mLimpar filtros[0m
            [36m</button>[39m
          [36m</div>[39m
        [36m</div>[39m
        [36m<div[39m
          [33mclass[39m=[32m"divide-y divide-gray-100 dark:divide-gray-800"[39m
        [36m>[39m
          [36m<div[39m
            [33mclass[39m=[32m"py-12 text-center text-gray-500"[39m
          [36m>[39m
            [0mNenhuma transação encontrada.[0m
          [36m</div>[39m
        [36m</div>[39m
      [36m</div>[39m
    [36m</main>[39m
  [36m</div>[39m
[36m</body>[39m
 ❯ Object.getElementError node_modules/@testing-library/dom/dist/config.js:37:19
 ❯ node_modules/@testing-library/dom/dist/query-helpers.js:76:38
 ❯ node_modules/@testing-library/dom/dist/query-helpers.js:52:17
 ❯ node_modules/@testing-library/dom/dist/query-helpers.js:95:19
 ❯ src/pages/Dashboard.test.tsx:110:28
    108|     render(<Dashboard />);
    109| 
    110|     fireEvent.click(screen.getByText('Search'));
       |                            ^
    111|     fireEvent.click(screen.getByText('Type'));
    112|     fireEvent.click(screen.getByText('Month'));

⎯⎯⎯⎯⎯⎯⎯⎯⎯⎯⎯⎯⎯⎯⎯⎯⎯⎯⎯⎯⎯⎯⎯[7/12]⎯

 FAIL  src/pages/Dashboard.test.tsx > Dashboard > deve lidar com callbacks da lista
TestingLibraryElementError: Unable to find an element with the text: Delete. This could be because the text is broken up by multiple elements. In this case, you can provide a function for your text matcher to make your matcher more flexible.

Ignored nodes: comments, script, style
[36m<body>[39m
  [36m<div>[39m
    [36m<main[39m
      [33mclass[39m=[32m"A-main h-screen overflow-y-auto w-full"[39m
    [36m>[39m
      [36m<div[39m
        [33mclass[39m=[32m"A-top"[39m
      [36m>[39m
        [36m<div>[39m
          [36m<h1[39m
            [33mclass[39m=[32m"text-gray-900 dark:text-white"[39m
          [36m>[39m
            [0mBoa noite[0m
            [0m, [0m
            [0mTest[0m
            [0m.[0m
          [36m</h1>[39m
          [36m<div[39m
            [33mclass[39m=[32m"sub"[39m
          [36m>[39m
            [0mVocê gastou [0m
            [36m<b[39m
              [33mclass[39m=[32m"text-gray-900 dark:text-white"[39m
            [36m>[39m
              [0mR$ NaN[0m
            [36m</b>[39m
            [0m [0m
            [0mem [0m
            [0mabril[0m
          [36m</div>[39m
        [36m</div>[39m
        [36m<div[39m
          [33mclass[39m=[32m"flex gap-2 items-center flex-wrap"[39m
        [36m>[39m
          [36m<div[39m
            [33mclass[39m=[32m"relative"[39m
          [36m>[39m
            [36m<button[39m
              [33mclass[39m=[32m"A-chip whitespace-nowrap"[39m
            [36m>[39m
              [36m<svg[39m
                [33maria-hidden[39m=[32m"true"[39m
                [33mclass[39m=[32m"lucide lucide-calendar text-indigo-500"[39m
                [33mfill[39m=[32m"none"[39m
                [33mheight[39m=[32m"14"[39m
                [33mstroke[39m=[32m"currentColor"[39m
                [33mstroke-linecap[39m=[32m"round"[39m
                [33mstroke-linejoin[39m=[32m"round"[39m
                [33mstroke-width[39m=[32m"2"[39m
                [33mviewBox[39m=[32m"0 0 24 24"[39m
                [33mwidth[39m=[32m"14"[39m
                [33mxmlns[39m=[32m"http://www.w3.org/2000/svg"[39m
              [36m>[39m
                [36m<path[39m
                  [33md[39m=[32m"M8 2v4"[39m
                [36m/>[39m
                [36m<path[39m
                  [33md[39m=[32m"M16 2v4"[39m
                [36m/>[39m
                [36m<rect[39m
                  [33mheight[39m=[32m"18"[39m
                  [33mrx[39m=[32m"2"[39m
                  [33mwidth[39m=[32m"18"[39m
                  [33mx[39m=[32m"3"[39m
                  [33my[39m=[32m"4"[39m
                [36m/>[39m
                [36m<path[39m
                  [33md[39m=[32m"M3 10h18"[39m
                [36m/>[39m
              [36m</svg>[39m
              [36m<span>[39m
                [0mAbril 2026[0m
              [36m</span>[39m
            [36m</button>[39m
          [36m</div>[39m
          [36m<div[39m
            [33mclass[39m=[32m"flex bg-gray-100 dark:bg-gray-800 p-1 rounded-lg"[39m
          [36m>[39m
            [36m<button[39m
              [33mclass[39m=[32m"px-4 py-1.5 rounded-md text-xs font-medium transition-all bg-white dark:bg-gray-700 text-gray-900 dark:text-white shadow-sm"[39m
            [36m>[39m
              [0mTodos[0m
            [36m</button>[39m
            [36m<button[39m
              [33mclass[39m=[32m"px-4 py-1.5 rounded-md text-xs font-medium transition-all text-gray-500"[39m
            [36m>[39m
              [0mReceitas[0m
            [36m</button>[39m
            [36m<button[39m
              [33mclass[39m=[32m"px-4 py-1.5 rounded-md text-xs font-medium transition-all text-gray-500"[39m
            [36m>[39m
              [0mDespesas[0m
            [36m</button>[39m
          [36m</div>[39m
          [36m<button[39m
            [33mclass[39m=[32m"A-chip primary"[39m
          [36m>[39m
            [36m<svg[39m
              [33maria-hidden[39m=[32m"true"[39m
              [33mclass[39m=[32m"lucide lucide-plus mr-1"[39m
              [33mfill[39m=[32m"none"[39m
              [33mheight[39m=[32m"14"[39m
              [33mstroke[39m=[32m"currentColor"[39m
              [33mstroke-linecap[39m=[32m"round"[39m
              [33mstroke-linejoin[39m=[32m"round"[39m
              [33mstroke-width[39m=[32m"2"[39m
              [33mviewBox[39m=[32m"0 0 24 24"[39m
              [33mwidth[39m=[32m"14"[39m
              [33mxmlns[39m=[32m"http://www.w3.org/2000/svg"[39m
            [36m>[39m
              [36m<path[39m
                [33md[39m=[32m"M5 12h14"[39m
              [36m/>[39m
              [36m<path[39m
                [33md[39m=[32m"M12 5v14"[39m
              [36m/>[39m
            [36m</svg>[39m
            [0m Nova transação[0m
          [36m</button>[39m
        [36m</div>[39m
      [36m</div>[39m
      [36m<div[39m
        [33mclass[39m=[32m"A-kpis"[39m
      [36m>[39m
        [36m<div[39m
          [33mclass[39m=[32m"A-kpi"[39m
        [36m>[39m
          [36m<div[39m
            [33mclass[39m=[32m"lbl"[39m
          [36m>[39m
            [0mDISPONÍVEL[0m
          [36m</div>[39m
          [36m<div[39m
            [33mclass[39m=[32m"sublbl"[39m
          [36m>[39m
            [0mSaldo em conta[0m
          [36m</div>[39m
          [36m<div[39m
            [33mclass[39m=[32m"val"[39m
          [36m>[39m
            [0mR$ NaN[0m
          [36m</div>[39m
          [36m<div[39m
            [33mclass[39m=[32m"dlt pos"[39m
          [36m>[39m
            [0m0% vs. mês anterior[0m
          [36m</div>[39m
          [36m<svg[39m
            [33mclass[39m=[32m"spark"[39m
            [33mpreserveAspectRatio[39m=[32m"none"[39m
            [33mviewBox[39m=[32m"0 0 100 24"[39m
          [36m>[39m
            [36m<polyline[39m
              [33mfill[39m=[32m"none"[39m
              [33mpoints[39m=[32m"0,20.18181818181818 14.285714285714285,16.09090909090909 28.57142857142857,22 42.857142857142854,11.090909090909092 57.14285714285714,14.272727272727273 71.42857142857143,6.090909090909092 85.71428571428571,8.363636363636365 100,2"[39m
              [33mstroke[39m=[32m"#10b981"[39m
              [33mstroke-linecap[39m=[32m"round"[39m
              [33mstroke-linejoin[39m=[32m"round"[39m
              [33mstroke-width[39m=[32m"1.5"[39m
            [36m/>[39m
          [36m</svg>[39m
        [36m</div>[39m
        [36m<div[39m
          [33mclass[39m=[32m"A-kpi"[39m
        [36m>[39m
          [36m<div[39m
            [33mclass[39m=[32m"lbl"[39m
          [36m>[39m
            [0mCAIXINHAS[0m
          [36m</div>[39m
          [36m<div[39m
            [33mclass[39m=[32m"sublbl"[39m
          [36m>[39m
            [0mInvestimentos/Reserva[0m
          [36m</div>[39m
          [36m<div[39m
            [33mclass[39m=[32m"val"[39m
          [36m>[39m
            [0mR$ NaN[0m
          [36m</div>[39m
          [36m<div[39m
            [33mclass[39m=[32m"dlt pos"[39m
          [36m>[39m
            [0m0% vs. mês anterior[0m
          [36m</div>[39m
          [36m<svg[39m
            [33mclass[39m=[32m"spark"[39m
            [33mpreserveAspectRatio[39m=[32m"none"[39m
            [33mviewBox[39m=[32m"0 0 100 24"[39m
          [36m>[39m
            [36m<polyline[39m
              [33mfill[39m=[32m"none"[39m
              [33mpoints[39m=[32m"0,22 14.285714285714285,17 28.57142857142857,20 42.857142857142854,14 57.14285714285714,10 71.42857142857143,12 85.71428571428571,7 100,2"[39m
              [33mstroke[39m=[32m"#8b5cf6"[39m
              [33mstroke-linecap[39m=[32m"round"[39m
              [33mstroke-linejoin[39m=[32m"round"[39m
              [33mstroke-width[39m=[32m"1.5"[39m
            [36m/>[39m
          [36m</svg>[39m
        [36m</div>[39m
        [36m<div[39m
          [33mclass[39m=[32m"A-kpi"[39m
        [36m>[39m
          [36m<div[39m
            [33mclass[39m=[32m"lbl"[39m
          [36m>[39m
            [0mRECEITAS[0m
          [36m</div>[39m
          [36m<div[39m
            [33mclass[39m=[32m"sublbl"[39m
          [36m>[39m
            [0mNeste mês[0m
          [36m</div>[39m
          [36m<div[39m
            [33mclass[39m=[32m"val"[39m
          [36m>[39m
            [0mR$ NaN[0m
          [36m</div>[39m
          [36m<div[39m
            [33mclass[39m=[32m"dlt pos"[39m
          [36m>[39m
            [0m0% vs. mês anterior[0m
          [36m</div>[39m
          [36m<svg[39m
            [33mclass[39m=[32m"spark"[39m
            [33mpreserveAspectRatio[39m=[32m"none"[39m
            [33mviewBox[39m=[32m"0 0 100 24"[39m
          [36m>[39m
            [36m<polyline[39m
              [33mfill[39m=[32m"none"[39m
              [33mpoints[39m=[32m"0,22 14.285714285714285,15.333333333333336 28.57142857142857,18.666666666666668 42.857142857142854,12 57.14285714285714,8.666666666666668 71.42857142857143,13.666666666666666 85.71428571428571,5.333333333333332 100,2"[39m
              [33mstroke[39m=[32m"#6366f1"[39m
              [33mstroke-linecap[39m=[32m"round"[39m
              [33mstroke-linejoin[39m=[32m"round"[39m
              [33mstroke-width[39m=[32m"1.5"[39m
            [36m/>[39m
          [36m</svg>[39m
        [36m</div>[39m
        [36m<div[39m
          [33mclass[39m=[32m"A-kpi"[39m
        [36m>[39m
          [36m<div[39m
            [33mclass[39m=[32m"lbl"[39m
          [36m>[39m
            [0mDESPESAS[0m
          [36m</div>[39m
          [36m<div[39m
            [33mclass[39m=[32m"sublbl"[39m
          [36m>[39m
            [0mNeste mês[0m
          [36m</div>[39m
          [36m<div[39m
            [33mclass[39m=[32m"val"[39m
          [36m>[39m
            [0mR$ NaN[0m
          [36m</div>[39m
          [36m<div[39m
            [33mclass[39m=[32m"dlt neg"[39m
          [36m>[39m
            [0m0% vs. mês anterior[0m
          [36m</div>[39m
          [36m<svg[39m
            [33mclass[39m=[32m"spark"[39m
            [33mpreserveAspectRatio[39m=[32m"none"[39m
            [33mviewBox[39m=[32m"0 0 100 24"[39m
          [36m>[39m
            [36m<polyline[39m
              [33mfill[39m=[32m"none"[39m
              [33mpoints[39m=[32m"0,7 14.285714285714285,12 28.57142857142857,2 42.857142857142854,17 57.14285714285714,22 71.42857142857143,14.5 85.71428571428571,19.5 100,12"[39m
              [33mstroke[39m=[32m"#ef4444"[39m
              [33mstroke-linecap[39m=[32m"round"[39m
              [33mstroke-linejoin[39m=[32m"round"[39m
              [33mstroke-width[39m=[32m"1.5"[39m
            [36m/>[39m
          [36m</svg>[39m
        [36m</div>[39m
      [36m</div>[39m
      [36m<div[39m
        [33mclass[39m=[32m"A-row"[39m
      [36m>[39m
        [36m<div[39m
          [33mclass[39m=[32m"A-card"[39m
        [36m>[39m
          [36m<div[39m
            [33mclass[39m=[32m"A-card-h"[39m
          [36m>[39m
            [36m<div>[39m
              [36m<h3[39m
                [33mclass[39m=[32m"text-gray-900 dark:text-white"[39m
              [36m>[39m
                [0mEvolução Mensal[0m
              [36m</h3>[39m
              [36m<div[39m
                [33mclass[39m=[32m"text-xs text-gray-500 mt-1"[39m
              [36m>[39m
                [0mReceitas vs. Despesas · [0m
                [0m2026[0m
              [36m</div>[39m
            [36m</div>[39m
            [36m<div[39m
              [33mclass[39m=[32m"meta"[39m
            [36m>[39m
              [0mJAN → DEZ[0m
            [36m</div>[39m
          [36m</div>[39m
          [36m<div[39m
            [33mclass[39m=[32m"A-bars"[39m
          [36m/>[39m
          [36m<div[39m
            [33mclass[39m=[32m"flex gap-4 mt-4 text-xs text-gray-500"[39m
          [36m>[39m
            [36m<span[39m
              [33mclass[39m=[32m"flex items-center gap-1.5"[39m
            [36m>[39m
              [36m<span[39m
                [33mclass[39m=[32m"w-2 h-2 rounded-sm bg-gray-900 dark:bg-gray-100"[39m
              [36m/>[39m
              [0m Receitas[0m
            [36m</span>[39m
            [36m<span[39m
              [33mclass[39m=[32m"flex items-center gap-1.5"[39m
            [36m>[39m
              [36m<span[39m
                [33mclass[39m=[32m"w-2 h-2 rounded-sm bg-gray-200 dark:bg-gray-700"[39m
              [36m/>[39m
              [0m Despesas[0m
            [36m</span>[39m
          [36m</div>[39m
        [36m</div>[39m
        [36m<div[39m
          [33mclass[39m=[32m"A-card"[39m
        [36m>[39m
          [36m<div[39m
            [33mclass[39m=[32m"A-card-h"[39m
          [36m>[39m
            [36m<h3[39m
              [33mclass[39m=[32m"text-gray-900 dark:text-white"[39m
            [36m>[39m
              [0mDistribuição[0m
            [36m</h3>[39m
            [36m<div[39m
              [33mclass[39m=[32m"meta"[39m
            [36m>[39m
              [0mR$ NaN[0m
            [36m</div>[39m
          [36m</div>[39m
          [36m<div[39m
            [33mclass[39m=[32m"flex items-center gap-4"[39m
          [36m>[39m
            [36m<svg[39m
              [33mclass[39m=[32m"shrink-0"[39m
              [33mheight[39m=[32m"140"[39m
              [33mviewBox[39m=[32m"0 0 140 140"[39m
              [33mwidth[39m=[32m"140"[39m
            [36m>[39m
              [36m<circle[39m
                [33mclass[39m=[32m"text-gray-100 dark:text-gray-800"[39m
                [33mcx[39m=[32m"70"[39m
                [33mcy[39m=[32m"70"[39m
                [33mfill[39m=[32m"none"[39m
                [33mr[39m=[32m"61"[39m
                [33mstroke[39m=[32m"currentColor"[39m
                [33mstroke-width[39m=[32m"18"[39m
              [36m/>[39m
              [36m<text[39m
                [33mclass[39m=[32m"fill-gray-400 font-mono tracking-widest uppercase"[39m
                [33mfont-size[39m=[32m"10"[39m
                [33mtext-anchor[39m=[32m"middle"[39m
                [33mx[39m=[32m"70"[39m
                [33my[39m=[32m"66"[39m
              [36m>[39m
                [0mGASTO[0m
              [36m</text>[39m
              [36m<text[39m
                [33mclass[39m=[32m"fill-gray-900 dark:fill-white font-sans tracking-tight"[39m
                [33mfont-size[39m=[32m"18"[39m
                [33mfont-weight[39m=[32m"600"[39m
                [33mtext-anchor[39m=[32m"middle"[39m
                [33mx[39m=[32m"70"[39m
                [33my[39m=[32m"86"[39m
              [36m>[39m
                [0mNaN[0m
              [36m</text>[39m
            [36m</svg>[39m
            [36m<div[39m
              [33mclass[39m=[32m"flex-1 flex flex-col gap-2"[39m
            [36m/>[39m
          [36m</div>[39m
        [36m</div>[39m
        [36m<div[39m
          [33mclass[39m=[32m"A-card A-insight"[39m
        [36m>[39m
          [36m<div[39m
            [33mclass[39m=[32m"head text-gray-700 dark:text-gray-300"[39m
          [36m>[39m
            [36m<span[39m
              [33mclass[39m=[32m"i"[39m
            [36m>[39m
              [0m✱[0m
            [36m</span>[39m
            [0mInsights[0m
          [36m</div>[39m
          [36m<div[39m
            [33mclass[39m=[32m"body text-gray-900 dark:text-gray-100"[39m
          [36m>[39m
            [0mAnalise seu comportamento financeiro para gerar insights. As dicas personalizadas aparecerão aqui em breve.[0m
          [36m</div>[39m
          [36m<div[39m
            [33mclass[39m=[32m"mt-2"[39m
          [36m>[39m
            [36m<div[39m
              [33mclass[39m=[32m"flex justify-between text-[11px] font-mono text-gray-500 uppercase tracking-wider mb-2"[39m
            [36m>[39m
              [36m<span>[39m
                [0mMETA MENSAL[0m
              [36m</span>[39m
              [36m<span>[39m
                [0m0%[0m
              [36m</span>[39m
            [36m</div>[39m
            [36m<div[39m
              [33mclass[39m=[32m"goal-bar"[39m
            [36m>[39m
              [36m<div[39m
                [33mclass[39m=[32m"goal-fill"[39m
                [33mstyle[39m=[32m"width: 0%;"[39m
              [36m/>[39m
            [36m</div>[39m
            [36m<div[39m
              [33mclass[39m=[32m"text-[11px] font-mono text-gray-400 mt-2"[39m
            [36m>[39m
              [0mR$ 0,00[0m
              [0m de [0m
              [0mR$ 0,00[0m
            [36m</div>[39m
          [36m</div>[39m
          [36m<div[39m
            [33mclass[39m=[32m"head mt-4 text-gray-700 dark:text-gray-300"[39m
          [36m>[39m
            [36m<span[39m
              [33mclass[39m=[32m"i !bg-green-500/10 !text-green-500"[39m
            [36m>[39m
              [0m↗[0m
            [36m</span>[39m
            [0mPrevisão[0m
          [36m</div>[39m
          [36m<div[39m
            [33mclass[39m=[32m"body text-sm text-gray-900 dark:text-gray-100"[39m
          [36m>[39m
            [0mA previsão de fechamento do mês será habilitada após mais registros.[0m
          [36m</div>[39m
        [36m</div>[39m
      [36m</div>[39m
      [36m<div[39m
        [33mclass[39m=[32m"A-card mb-8"[39m
      [36m>[39m
        [36m<div[39m
          [33mclass[39m=[32m"A-card-h"[39m
        [36m>[39m
          [36m<h3[39m
            [33mclass[39m=[32m"text-gray-900 dark:text-white"[39m
          [36m>[39m
            [0mÚltimas Transações[0m
          [36m</h3>[39m
          [36m<div[39m
            [33mclass[39m=[32m"flex gap-2 items-center"[39m
          [36m>[39m
            [36m<div[39m
              [33mclass[39m=[32m"A-search w-64"[39m
            [36m>[39m
              [36m<svg[39m
                [33maria-hidden[39m=[32m"true"[39m
                [33mclass[39m=[32m"lucide lucide-search text-gray-400"[39m
                [33mfill[39m=[32m"none"[39m
                [33mheight[39m=[32m"14"[39m
                [33mstroke[39m=[32m"currentColor"[39m
                [33mstroke-linecap[39m=[32m"round"[39m
                [33mstroke-linejoin[39m=[32m"round"[39m
                [33mstroke-width[39m=[32m"2"[39m
                [33mviewBox[39m=[32m"0 0 24 24"[39m
                [33mwidth[39m=[32m"14"[39m
                [33mxmlns[39m=[32m"http://www.w3.org/2000/svg"[39m
              [36m>[39m
                [36m<path[39m
                  [33md[39m=[32m"m21 21-4.34-4.34"[39m
                [36m/>[39m
                [36m<circle[39m
                  [33mcx[39m=[32m"11"[39m
                  [33mcy[39m=[32m"11"[39m
                  [33mr[39m=[32m"8"[39m
                [36m/>[39m
              [36m</svg>[39m
              [36m<input[39m
                [33mclass[39m=[32m"text-gray-900 dark:text-white"[39m
                [33mplaceholder[39m=[32m"Buscar por descrição..."[39m
                [33mvalue[39m=[32m""[39m
              [36m/>[39m
            [36m</div>[39m
            [36m<button[39m
              [33mclass[39m=[32m"A-chip"[39m
            [36m>[39m
              [0mLimpar filtros[0m
            [36m</button>[39m
          [36m</div>[39m
        [36m</div>[39m
        [36m<div[39m
          [33mclass[39m=[32m"divide-y divide-gray-100 dark:divide-gray-800"[39m
        [36m>[39m
          [36m<div[39m
            [33mclass[39m=[32m"py-12 text-center text-gray-500"[39m
          [36m>[39m
            [0mNenhuma transação encontrada.[0m
          [36m</div>[39m
        [36m</div>[39m
      [36m</div>[39m
    [36m</main>[39m
  [36m</div>[39m
[36m</body>[39m
 ❯ Object.getElementError node_modules/@testing-library/dom/dist/config.js:37:19
 ❯ node_modules/@testing-library/dom/dist/query-helpers.js:76:38
 ❯ node_modules/@testing-library/dom/dist/query-helpers.js:52:17
 ❯ node_modules/@testing-library/dom/dist/query-helpers.js:95:19
 ❯ src/pages/Dashboard.test.tsx:133:28
    131|     render(<Dashboard />);
    132| 
    133|     fireEvent.click(screen.getByText('Delete'));
       |                            ^
    134|     expect(fetchMock).toHaveBeenCalled();
    135| 

⎯⎯⎯⎯⎯⎯⎯⎯⎯⎯⎯⎯⎯⎯⎯⎯⎯⎯⎯⎯⎯⎯⎯[8/12]⎯

 FAIL  src/pages/Dashboard.test.tsx > Dashboard > deve lidar com o FAB de nova transação e modal
Error: Unable to fire a "click" event - please provide a DOM element.
 ❯ createEvent node_modules/@testing-library/dom/dist/events.js:27:11
 ❯ createEvent.<computed> [as click] node_modules/@testing-library/dom/dist/events.js:106:38
 ❯ fireEvent.<computed> [as click] node_modules/@testing-library/dom/dist/events.js:110:68
 ❯ fireEvent.<computed> [as click] node_modules/@testing-library/react/dist/fire-event.js:15:52
 ❯ src/pages/Dashboard.test.tsx:145:15
    143|       .getAllByRole('button')
    144|       .find((b) => b.className.includes('bg-blue-600'));
    145|     fireEvent.click(mainFabButton!);
       |               ^
    146| 
    147|     fireEvent.click(screen.getByText('Nova Transação'));

⎯⎯⎯⎯⎯⎯⎯⎯⎯⎯⎯⎯⎯⎯⎯⎯⎯⎯⎯⎯⎯⎯⎯[9/12]⎯

 FAIL  src/pages/Dashboard.test.tsx > Dashboard > deve lidar com o FAB de importar csv e modal
Error: Unable to fire a "click" event - please provide a DOM element.
 ❯ createEvent node_modules/@testing-library/dom/dist/events.js:27:11
 ❯ createEvent.<computed> [as click] node_modules/@testing-library/dom/dist/events.js:106:38
 ❯ fireEvent.<computed> [as click] node_modules/@testing-library/dom/dist/events.js:110:68
 ❯ fireEvent.<computed> [as click] node_modules/@testing-library/react/dist/fire-event.js:15:52
 ❯ src/pages/Dashboard.test.tsx:173:15
    171|       .getAllByRole('button')
    172|       .find((b) => b.className.includes('bg-blue-600'));
    173|     fireEvent.click(mainFabButton!);
       |               ^
    174| 
    175|     fireEvent.click(screen.getByText('Importar CSV'));

⎯⎯⎯⎯⎯⎯⎯⎯⎯⎯⎯⎯⎯⎯⎯⎯⎯⎯⎯⎯⎯⎯[10/12]⎯

 FAIL  src/pages/Profile.test.tsx > Profile > deve chamar rpc de delete_user ao confirmar exclusão da conta
TestingLibraryElementError: Unable to find an element with the text: Excluir Minha Conta. This could be because the text is broken up by multiple elements. In this case, you can provide a function for your text matcher to make your matcher more flexible.

Ignored nodes: comments, script, style
[36m<body>[39m
  [36m<div>[39m
    [36m<div>[39m
      [36m<div[39m
        [33mclass[39m=[32m"max-w-6xl"[39m
      [36m>[39m
        [36m<div[39m
          [33mclass[39m=[32m"A-top"[39m
        [36m>[39m
          [36m<div>[39m
            [36m<h1[39m
              [33mclass[39m=[32m"text-gray-900 dark:text-white font-bold"[39m
            [36m>[39m
              [0mMeu Perfil[0m
            [36m</h1>[39m
            [36m<div[39m
              [33mclass[39m=[32m"sub"[39m
            [36m>[39m
              [0mGerencie suas informações pessoais e preferências[0m
            [36m</div>[39m
          [36m</div>[39m
          [36m<button[39m
            [33mclass[39m=[32m"px-6 py-2.5 bg-[#0ea5e9] hover:bg-[#0284c7] text-white font-bold rounded-xl flex items-center gap-2 transition-all shadow-lg active:scale-95 disabled:opacity-70 text-sm"[39m
          [36m>[39m
            [36m<svg[39m
              [33maria-hidden[39m=[32m"true"[39m
              [33mclass[39m=[32m"lucide lucide-save w-4 h-4"[39m
              [33mfill[39m=[32m"none"[39m
              [33mheight[39m=[32m"24"[39m
              [33mstroke[39m=[32m"currentColor"[39m
              [33mstroke-linecap[39m=[32m"round"[39m
              [33mstroke-linejoin[39m=[32m"round"[39m
              [33mstroke-width[39m=[32m"2"[39m
              [33mviewBox[39m=[32m"0 0 24 24"[39m
              [33mwidth[39m=[32m"24"[39m
              [33mxmlns[39m=[32m"http://www.w3.org/2000/svg"[39m
            [36m>[39m
              [36m<path[39m
                [33md[39m=[32m"M15.2 3a2 2 0 0 1 1.4.6l3.8 3.8a2 2 0 0 1 .6 1.4V19a2 2 0 0 1-2 2H5a2 2 0 0 1-2-2V5a2 2 0 0 1 2-2z"[39m
              [36m/>[39m
              [36m<path[39m
                [33md[39m=[32m"M17 21v-7a1 1 0 0 0-1-1H8a1 1 0 0 0-1 1v7"[39m
              [36m/>[39m
              [36m<path[39m
                [33md[39m=[32m"M7 3v4a1 1 0 0 0 1 1h7"[39m
              [36m/>[39m
            [36m</svg>[39m
            [0mSalvar alterações[0m
          [36m</button>[39m
        [36m</div>[39m
        [36m<div[39m
          [33mclass[39m=[32m"grid grid-cols-1 lg:grid-cols-[300px_1fr] gap-6"[39m
        [36m>[39m
          [36m<div[39m
            [33mclass[39m=[32m"A-card flex flex-col items-center py-10 h-fit text-center"[39m
          [36m>[39m
            [36m<div[39m
              [33mclass[39m=[32m"relative mb-6"[39m
            [36m>[39m
              [36m<div[39m
                [33mclass[39m=[32m"w-32 h-32 rounded-full overflow-hidden border-[6px] border-white dark:border-gray-800 shadow-2xl bg-gradient-to-br from-[#0ea5e9] to-[#22d3ee] flex items-center justify-center text-white text-5xl font-bold"[39m
              [36m>[39m
                [0mJ[0m
              [36m</div>[39m
              [36m<label[39m
                [33mclass[39m=[32m"absolute bottom-1 right-1 w-10 h-10 bg-[#0ea5e9] text-white rounded-full flex items-center justify-center border-4 border-white dark:border-gray-800 shadow-xl cursor-pointer hover:bg-[#0284c7] transition-all active:scale-90"[39m
                [33mfor[39m=[32m"avatar-upload"[39m
              [36m>[39m
                [36m<svg[39m
                  [33maria-hidden[39m=[32m"true"[39m
                  [33mclass[39m=[32m"lucide lucide-camera"[39m
                  [33mfill[39m=[32m"none"[39m
                  [33mheight[39m=[32m"18"[39m
                  [33mstroke[39m=[32m"currentColor"[39m
                  [33mstroke-linecap[39m=[32m"round"[39m
                  [33mstroke-linejoin[39m=[32m"round"[39m
                  [33mstroke-width[39m=[32m"2"[39m
                  [33mviewBox[39m=[32m"0 0 24 24"[39m
                  [33mwidth[39m=[32m"18"[39m
                  [33mxmlns[39m=[32m"http://www.w3.org/2000/svg"[39m
                [36m>[39m
                  [36m<path[39m
                    [33md[39m=[32m"M13.997 4a2 2 0 0 1 1.76 1.05l.486.9A2 2 0 0 0 18.003 7H20a2 2 0 0 1 2 2v9a2 2 0 0 1-2 2H4a2 2 0 0 1-2-2V9a2 2 0 0 1 2-2h1.997a2 2 0 0 0 1.759-1.048l.489-.904A2 2 0 0 1 10.004 4z"[39m
                  [36m/>[39m
                  [36m<circle[39m
                    [33mcx[39m=[32m"12"[39m
                    [33mcy[39m=[32m"13"[39m
                    [33mr[39m=[32m"3"[39m
                  [36m/>[39m
                [36m</svg>[39m
                [36m<input[39m
                  [33maccept[39m=[32m"image/*"[39m
                  [33mclass[39m=[32m"hidden"[39m
                  [33mid[39m=[32m"avatar-upload"[39m
                  [33mtype[39m=[32m"file"[39m
                [36m/>[39m
              [36m</label>[39m
            [36m</div>[39m
            [36m<h2[39m
              [33mclass[39m=[32m"text-xl font-bold text-gray-900 dark:text-white mb-1"[39m
            [36m>[39m
              [0mJohn Doe[0m
            [36m</h2>[39m
            [36m<p[39m
              [33mclass[39m=[32m"text-sm text-gray-500 mb-6"[39m
            [36m/>[39m
            [36m<div[39m
              [33mclass[39m=[32m"px-4 py-1.5 bg-[#f0fdf4] dark:bg-green-900/10 text-[#16a34a] dark:text-green-500 text-[10px] font-bold uppercase tracking-[2px] rounded-full border border-[#dcfce7] dark:border-green-800/30 flex items-center gap-2"[39m
            [36m>[39m
              [36m<div[39m
                [33mclass[39m=[32m"w-1.5 h-1.5 rounded-full bg-[#16a34a] animate-pulse"[39m
              [36m/>[39m
              [0mATIVA E VERIFICADA[0m
            [36m</div>[39m
          [36m</div>[39m
          [36m<div[39m
            [33mclass[39m=[32m"space-y-6"[39m
          [36m>[39m
            [36m<div[39m
              [33mclass[39m=[32m"A-card space-y-8"[39m
            [36m>[39m
              [36m<div[39m
                [33mclass[39m=[32m"flex items-center justify-between"[39m
              [36m>[39m
                [36m<div[39m
                  [33mclass[39m=[32m"flex items-center gap-3"[39m
                [36m>[39m
                  [36m<div[39m
                    [33mclass[39m=[32m"w-9 h-9 rounded-xl bg-blue-50 dark:bg-blue-900/20 text-[#0ea5e9] flex items-center justify-center"[39m
                  [36m>[39m
                    [36m<svg[39m
                      [33maria-hidden[39m=[32m"true"[39m
                      [33mclass[39m=[32m"lucide lucide-user"[39m
                      [33mfill[39m=[32m"none"[39m
                      [33mheight[39m=[32m"20"[39m
                      [33mstroke[39m=[32m"currentColor"[39m
                      [33mstroke-linecap[39m=[32m"round"[39m
                      [33mstroke-linejoin[39m=[32m"round"[39m
                      [33mstroke-width[39m=[32m"2"[39m
                      [33mviewBox[39m=[32m"0 0 24 24"[39...
 ❯ Object.getElementError node_modules/@testing-library/dom/dist/config.js:37:19
 ❯ node_modules/@testing-library/dom/dist/query-helpers.js:76:38
 ❯ node_modules/@testing-library/dom/dist/query-helpers.js:52:17
 ❯ node_modules/@testing-library/dom/dist/query-helpers.js:95:19
 ❯ src/pages/Profile.test.tsx:86:28
     84| 
     85|     // Clica no botão de excluir conta
     86|     fireEvent.click(screen.getByText('Excluir Minha Conta'));
       |                            ^
     87| 
     88|     // Modal deve abrir

⎯⎯⎯⎯⎯⎯⎯⎯⎯⎯⎯⎯⎯⎯⎯⎯⎯⎯⎯⎯⎯⎯[11/12]⎯

 FAIL  src/pages/Profile.test.tsx > Profile > deve lidar com erro ao excluir conta
TestingLibraryElementError: Unable to find an element with the text: Excluir Minha Conta. This could be because the text is broken up by multiple elements. In this case, you can provide a function for your text matcher to make your matcher more flexible.

Ignored nodes: comments, script, style
[36m<body>[39m
  [36m<div>[39m
    [36m<div>[39m
      [36m<div[39m
        [33mclass[39m=[32m"max-w-6xl"[39m
      [36m>[39m
        [36m<div[39m
          [33mclass[39m=[32m"A-top"[39m
        [36m>[39m
          [36m<div>[39m
            [36m<h1[39m
              [33mclass[39m=[32m"text-gray-900 dark:text-white font-bold"[39m
            [36m>[39m
              [0mMeu Perfil[0m
            [36m</h1>[39m
            [36m<div[39m
              [33mclass[39m=[32m"sub"[39m
            [36m>[39m
              [0mGerencie suas informações pessoais e preferências[0m
            [36m</div>[39m
          [36m</div>[39m
          [36m<button[39m
            [33mclass[39m=[32m"px-6 py-2.5 bg-[#0ea5e9] hover:bg-[#0284c7] text-white font-bold rounded-xl flex items-center gap-2 transition-all shadow-lg active:scale-95 disabled:opacity-70 text-sm"[39m
          [36m>[39m
            [36m<svg[39m
              [33maria-hidden[39m=[32m"true"[39m
              [33mclass[39m=[32m"lucide lucide-save w-4 h-4"[39m
              [33mfill[39m=[32m"none"[39m
              [33mheight[39m=[32m"24"[39m
              [33mstroke[39m=[32m"currentColor"[39m
              [33mstroke-linecap[39m=[32m"round"[39m
              [33mstroke-linejoin[39m=[32m"round"[39m
              [33mstroke-width[39m=[32m"2"[39m
              [33mviewBox[39m=[32m"0 0 24 24"[39m
              [33mwidth[39m=[32m"24"[39m
              [33mxmlns[39m=[32m"http://www.w3.org/2000/svg"[39m
            [36m>[39m
              [36m<path[39m
                [33md[39m=[32m"M15.2 3a2 2 0 0 1 1.4.6l3.8 3.8a2 2 0 0 1 .6 1.4V19a2 2 0 0 1-2 2H5a2 2 0 0 1-2-2V5a2 2 0 0 1 2-2z"[39m
              [36m/>[39m
              [36m<path[39m
                [33md[39m=[32m"M17 21v-7a1 1 0 0 0-1-1H8a1 1 0 0 0-1 1v7"[39m
              [36m/>[39m
              [36m<path[39m
                [33md[39m=[32m"M7 3v4a1 1 0 0 0 1 1h7"[39m
              [36m/>[39m
            [36m</svg>[39m
            [0mSalvar alterações[0m
          [36m</button>[39m
        [36m</div>[39m
        [36m<div[39m
          [33mclass[39m=[32m"grid grid-cols-1 lg:grid-cols-[300px_1fr] gap-6"[39m
        [36m>[39m
          [36m<div[39m
            [33mclass[39m=[32m"A-card flex flex-col items-center py-10 h-fit text-center"[39m
          [36m>[39m
            [36m<div[39m
              [33mclass[39m=[32m"relative mb-6"[39m
            [36m>[39m
              [36m<div[39m
                [33mclass[39m=[32m"w-32 h-32 rounded-full overflow-hidden border-[6px] border-white dark:border-gray-800 shadow-2xl bg-gradient-to-br from-[#0ea5e9] to-[#22d3ee] flex items-center justify-center text-white text-5xl font-bold"[39m
              [36m>[39m
                [0mJ[0m
              [36m</div>[39m
              [36m<label[39m
                [33mclass[39m=[32m"absolute bottom-1 right-1 w-10 h-10 bg-[#0ea5e9] text-white rounded-full flex items-center justify-center border-4 border-white dark:border-gray-800 shadow-xl cursor-pointer hover:bg-[#0284c7] transition-all active:scale-90"[39m
                [33mfor[39m=[32m"avatar-upload"[39m
              [36m>[39m
                [36m<svg[39m
                  [33maria-hidden[39m=[32m"true"[39m
                  [33mclass[39m=[32m"lucide lucide-camera"[39m
                  [33mfill[39m=[32m"none"[39m
                  [33mheight[39m=[32m"18"[39m
                  [33mstroke[39m=[32m"currentColor"[39m
                  [33mstroke-linecap[39m=[32m"round"[39m
                  [33mstroke-linejoin[39m=[32m"round"[39m
                  [33mstroke-width[39m=[32m"2"[39m
                  [33mviewBox[39m=[32m"0 0 24 24"[39m
                  [33mwidth[39m=[32m"18"[39m
                  [33mxmlns[39m=[32m"http://www.w3.org/2000/svg"[39m
                [36m>[39m
                  [36m<path[39m
                    [33md[39m=[32m"M13.997 4a2 2 0 0 1 1.76 1.05l.486.9A2 2 0 0 0 18.003 7H20a2 2 0 0 1 2 2v9a2 2 0 0 1-2 2H4a2 2 0 0 1-2-2V9a2 2 0 0 1 2-2h1.997a2 2 0 0 0 1.759-1.048l.489-.904A2 2 0 0 1 10.004 4z"[39m
                  [36m/>[39m
                  [36m<circle[39m
                    [33mcx[39m=[32m"12"[39m
                    [33mcy[39m=[32m"13"[39m
                    [33mr[39m=[32m"3"[39m
                  [36m/>[39m
                [36m</svg>[39m
                [36m<input[39m
                  [33maccept[39m=[32m"image/*"[39m
                  [33mclass[39m=[32m"hidden"[39m
                  [33mid[39m=[32m"avatar-upload"[39m
                  [33mtype[39m=[32m"file"[39m
                [36m/>[39m
              [36m</label>[39m
            [36m</div>[39m
            [36m<h2[39m
              [33mclass[39m=[32m"text-xl font-bold text-gray-900 dark:text-white mb-1"[39m
            [36m>[39m
              [0mJohn Doe[0m
            [36m</h2>[39m
            [36m<p[39m
              [33mclass[39m=[32m"text-sm text-gray-500 mb-6"[39m
            [36m/>[39m
            [36m<div[39m
              [33mclass[39m=[32m"px-4 py-1.5 bg-[#f0fdf4] dark:bg-green-900/10 text-[#16a34a] dark:text-green-500 text-[10px] font-bold uppercase tracking-[2px] rounded-full border border-[#dcfce7] dark:border-green-800/30 flex items-center gap-2"[39m
            [36m>[39m
              [36m<div[39m
                [33mclass[39m=[32m"w-1.5 h-1.5 rounded-full bg-[#16a34a] animate-pulse"[39m
              [36m/>[39m
              [0mATIVA E VERIFICADA[0m
            [36m</div>[39m
          [36m</div>[39m
          [36m<div[39m
            [33mclass[39m=[32m"space-y-6"[39m
          [36m>[39m
            [36m<div[39m
              [33mclass[39m=[32m"A-card space-y-8"[39m
            [36m>[39m
              [36m<div[39m
                [33mclass[39m=[32m"flex items-center justify-between"[39m
              [36m>[39m
                [36m<div[39m
                  [33mclass[39m=[32m"flex items-center gap-3"[39m
                [36m>[39m
                  [36m<div[39m
                    [33mclass[39m=[32m"w-9 h-9 rounded-xl bg-blue-50 dark:bg-blue-900/20 text-[#0ea5e9] flex items-center justify-center"[39m
                  [36m>[39m
                    [36m<svg[39m
                      [33maria-hidden[39m=[32m"true"[39m
                      [33mclass[39m=[32m"lucide lucide-user"[39m
                      [33mfill[39m=[32m"none"[39m
                      [33mheight[39m=[32m"20"[39m
                      [33mstroke[39m=[32m"currentColor"[39m
                      [33mstroke-linecap[39m=[32m"round"[39m
                      [33mstroke-linejoin[39m=[32m"round"[39m
                      [33mstroke-width[39m=[32m"2"[39m
                      [33mviewBox[39m=[32m"0 0 24 24"[39...
 ❯ Object.getElementError node_modules/@testing-library/dom/dist/config.js:37:19
 ❯ node_modules/@testing-library/dom/dist/query-helpers.js:76:38
 ❯ node_modules/@testing-library/dom/dist/query-helpers.js:52:17
 ❯ node_modules/@testing-library/dom/dist/query-helpers.js:95:19
 ❯ src/pages/Profile.test.tsx:106:28
    104|     render(<Profile />);
    105| 
    106|     fireEvent.click(screen.getByText('Excluir Minha Conta'));
       |                            ^
    107|     fireEvent.click(screen.getByText('Confirmar'));
    108| 

⎯⎯⎯⎯⎯⎯⎯⎯⎯⎯⎯⎯⎯⎯⎯⎯⎯⎯⎯⎯⎯⎯[12/12]⎯


 Test Files  4 failed | 18 passed (22)
      Tests  12 failed | 120 passed (132)
   Start at  19:29:24
   Duration  50.23s (transform 145.13s, setup 24.91s, import 260.12s, tests 39.69s, environment 329.50s)

